---
source: jclass/src/lib.rs
expression: display
---
final class jdk.internal.misc.Signal$NativeHandler implements jdk.internal.misc.Signal$Handler
  minor version: 0
  major version: 68
  flags: (0x0030) ACC_FINAL, ACC_SUPER
  this_class: #2                       //jdk/internal/misc/Signal$NativeHandler
  super_class: #8                      //java/lang/Object
  interfaces: 1, fields: 1, methods: 4, attributes: 3
Constant pool:
   #1 = Fieldref           #2.#3            // jdk/internal/misc/Signal$NativeHandler.handler:J
   #2 = Class              #4               // jdk/internal/misc/Signal$NativeHandler
   #3 = NameAndType        #5:#6            // handler:J
   #4 = Utf8               jdk/internal/misc/Signal$NativeHandler
   #5 = Utf8               handler
   #6 = Utf8               J
   #7 = Methodref          #8.#9            // java/lang/Object."<init>":()V
   #8 = Class              #10              // java/lang/Object
   #9 = NameAndType        #11:#12          // "<init>":()V
  #10 = Utf8               java/lang/Object
  #11 = Utf8               <init>
  #12 = Utf8               ()V
  #13 = Class              #14              // java/lang/UnsupportedOperationException
  #14 = Utf8               java/lang/UnsupportedOperationException
  #15 = String             #16              // invoking native signal handle not supported
  #16 = Utf8               invoking native signal handle not supported
  #17 = Methodref          #13.#18          // java/lang/UnsupportedOperationException."<init>":(Ljava/lang/String;)V
  #18 = NameAndType        #11:#19          // "<init>":(Ljava/lang/String;)V
  #19 = Utf8               (Ljava/lang/String;)V
  #20 = Fieldref           #2.#21           // jdk/internal/misc/Signal$NativeHandler.SIG_DFL:Ljdk/internal/misc/Signal$Handler;
  #21 = NameAndType        #22:#23          // SIG_DFL:Ljdk/internal/misc/Signal$Handler;
  #22 = Utf8               SIG_DFL
  #23 = Utf8               Ljdk/internal/misc/Signal$Handler;
  #24 = String             #22              // SIG_DFL
  #25 = Fieldref           #2.#26           // jdk/internal/misc/Signal$NativeHandler.SIG_IGN:Ljdk/internal/misc/Signal$Handler;
  #26 = NameAndType        #27:#23          // SIG_IGN:Ljdk/internal/misc/Signal$Handler;
  #27 = Utf8               SIG_IGN
  #28 = String             #27              // SIG_IGN
  #29 = Methodref          #8.#30           // java/lang/Object.toString:()Ljava/lang/String;
  #30 = NameAndType        #31:#32          // toString:()Ljava/lang/String;
  #31 = Utf8               toString
  #32 = Utf8               ()Ljava/lang/String;
  #33 = Class              #34              // jdk/internal/misc/Signal$Handler
  #34 = Utf8               jdk/internal/misc/Signal$Handler
  #35 = Utf8               getHandler
  #36 = Utf8               ()J
  #37 = Utf8               Code
  #38 = Utf8               LineNumberTable
  #39 = Utf8               LocalVariableTable
  #40 = Utf8               this
  #41 = Utf8               Ljdk/internal/misc/Signal$NativeHandler;
  #42 = Utf8               (J)V
  #43 = Utf8               handle
  #44 = Utf8               (Ljdk/internal/misc/Signal;)V
  #45 = Utf8               sig
  #46 = Utf8               Ljdk/internal/misc/Signal;
  #47 = Utf8               StackMapTable
  #48 = Class              #49              // java/lang/String
  #49 = Utf8               java/lang/String
  #50 = Utf8               SourceFile
  #51 = Utf8               Signal.java
  #52 = Utf8               NestHost
  #53 = Class              #54              // jdk/internal/misc/Signal
  #54 = Utf8               jdk/internal/misc/Signal
  #55 = Utf8               InnerClasses
  #56 = Utf8               NativeHandler
  #57 = Utf8               Handler
{
  private final long handler;
    descriptor: J
    flags: (0x0012) ACC_PRIVATE, ACC_FINAL
  
  long getHandler();
    descriptor: ()J
    flags: (0x0000) 
    Code: 
      stack=2, locals=1, args_size=1
         0: aload_0                 
         1: getfield      #1                  // Field handler:J
         4: lreturn                 
      LineNumberTable:
        line 270: 0
      LocalVariableTable:
       Start   Length  Slot  Name   Signature
           0        5     0  this   Ljdk/internal/misc/Signal$NativeHandler;
  
  jdk.internal.misc.Signal$NativeHandler(long);
    descriptor: (J)V
    flags: (0x0000) 
    Code: 
      stack=3, locals=3, args_size=2
         0: aload_0                 
         1: invokespecial #7                  // Method java/lang/Object."<init>":()V
         4: aload_0                 
         5: lload_1                 
         6: putfield      #1                  // Field handler:J
         9: return                  
      LineNumberTable:
        line 273: 0
        line 274: 4
        line 275: 9
      LocalVariableTable:
       Start   Length  Slot  Name   Signature
           0       10     0  this   Ljdk/internal/misc/Signal$NativeHandler;
           0       10     1  handler J
  
  public void handle(jdk.internal.misc.Signal);
    descriptor: (Ljdk/internal/misc/Signal;)V
    flags: (0x0001) ACC_PUBLIC
    Code: 
      stack=3, locals=2, args_size=2
         0: new           #13                 // class java/lang/UnsupportedOperationException
         3: dup                     
         4: ldc           #15                 // String invoking native signal handle not supported
         6: invokespecial #17                 // Method java/lang/UnsupportedOperationException."<init>":(Ljava/lang/String;)V
         9: athrow                  
      LineNumberTable:
        line 278: 0
      LocalVariableTable:
       Start   Length  Slot  Name   Signature
           0       10     0  this   Ljdk/internal/misc/Signal$NativeHandler;
           0       10     1  sig    Ljdk/internal/misc/Signal;
  
  public java.lang.String toString();
    descriptor: ()Ljava/lang/String;
    flags: (0x0001) ACC_PUBLIC
    Code: 
      stack=2, locals=1, args_size=1
         0: aload_0                 
         1: getstatic     #20                 // Field SIG_DFL:Ljdk/internal/misc/Signal$Handler;
         4: if_acmpne     12                
         7: ldc           #24                 // String SIG_DFL
         9: goto          28                
        12: aload_0                 
        13: getstatic     #25                 // Field SIG_IGN:Ljdk/internal/misc/Signal$Handler;
        16: if_acmpne     24                
        19: ldc           #28                 // String SIG_IGN
        21: goto          28                
        24: aload_0                 
        25: invokespecial #29                 // Method java/lang/Object.toString:()Ljava/lang/String;
        28: areturn                 
      LineNumberTable:
        line 282: 0
        line 283: 12
        line 282: 28
      LocalVariableTable:
       Start   Length  Slot  Name   Signature
           0       29     0  this   Ljdk/internal/misc/Signal$NativeHandler;
      StackMapTable: number_of_entries = 3
        frame_type = 12 /* same */
        frame_type = 11 /* same */
        frame_type = 67 /* same_locals_1_stack_item */
          stack = [ class java/lang/String ]
}
SourceFile: "Signal.java"
NestHost: class jdk/internal/misc/Signal
InnerClasses:
  static final #56= #2 of #53;                // NativeHandler=class jdk/internal/misc/Signal$NativeHandler of class jdk/internal/misc/Signal
  public static #57= #33 of #53;              // Handler=class jdk/internal/misc/Signal$Handler of class jdk/internal/misc/Signal
