---
source: jclass/src/lib.rs
expression: display
---
public class java.security.SecureClassLoader extends java.lang.ClassLoader
  minor version: 0
  major version: 68
  flags: (0x0021) ACC_PUBLIC, ACC_SUPER
  this_class: #13                      //java/security/SecureClassLoader
  super_class: #2                      //java/lang/ClassLoader
  interfaces: 0, fields: 1, methods: 9, attributes: 3
Constant pool:
    #1 = Methodref          #2.#3            // java/lang/ClassLoader."<init>":(Ljava/lang/ClassLoader;)V
    #2 = Class              #4               // java/lang/ClassLoader
    #3 = NameAndType        #5:#6            // "<init>":(Ljava/lang/ClassLoader;)V
    #4 = Utf8               java/lang/ClassLoader
    #5 = Utf8               <init>
    #6 = Utf8               (Ljava/lang/ClassLoader;)V
    #7 = Class              #8               // java/util/concurrent/ConcurrentHashMap
    #8 = Utf8               java/util/concurrent/ConcurrentHashMap
    #9 = Methodref          #7.#10           // java/util/concurrent/ConcurrentHashMap."<init>":(I)V
   #10 = NameAndType        #5:#11           // "<init>":(I)V
   #11 = Utf8               (I)V
   #12 = Fieldref           #13.#14          // java/security/SecureClassLoader.pdcache:Ljava/util/Map;
   #13 = Class              #15              // java/security/SecureClassLoader
   #14 = NameAndType        #16:#17          // pdcache:Ljava/util/Map;
   #15 = Utf8               java/security/SecureClassLoader
   #16 = Utf8               pdcache
   #17 = Utf8               Ljava/util/Map;
   #18 = Methodref          #2.#19           // java/lang/ClassLoader."<init>":()V
   #19 = NameAndType        #5:#20           // "<init>":()V
   #20 = Utf8               ()V
   #21 = Methodref          #2.#22           // java/lang/ClassLoader."<init>":(Ljava/lang/String;Ljava/lang/ClassLoader;)V
   #22 = NameAndType        #5:#23           // "<init>":(Ljava/lang/String;Ljava/lang/ClassLoader;)V
   #23 = Utf8               (Ljava/lang/String;Ljava/lang/ClassLoader;)V
   #24 = Methodref          #13.#25          // java/security/SecureClassLoader.getProtectionDomain:(Ljava/security/CodeSource;)Ljava/security/ProtectionDomain;
   #25 = NameAndType        #26:#27          // getProtectionDomain:(Ljava/security/CodeSource;)Ljava/security/ProtectionDomain;
   #26 = Utf8               getProtectionDomain
   #27 = Utf8               (Ljava/security/CodeSource;)Ljava/security/ProtectionDomain;
   #28 = Methodref          #13.#29          // java/security/SecureClassLoader.defineClass:(Ljava/lang/String;[BIILjava/security/ProtectionDomain;)Ljava/lang/Class;
   #29 = NameAndType        #30:#31          // defineClass:(Ljava/lang/String;[BIILjava/security/ProtectionDomain;)Ljava/lang/Class;
   #30 = Utf8               defineClass
   #31 = Utf8               (Ljava/lang/String;[BIILjava/security/ProtectionDomain;)Ljava/lang/Class;
   #32 = Methodref          #13.#33          // java/security/SecureClassLoader.defineClass:(Ljava/lang/String;Ljava/nio/ByteBuffer;Ljava/security/ProtectionDomain;)Ljava/lang/Class;
   #33 = NameAndType        #30:#34          // defineClass:(Ljava/lang/String;Ljava/nio/ByteBuffer;Ljava/security/ProtectionDomain;)Ljava/lang/Class;
   #34 = Utf8               (Ljava/lang/String;Ljava/nio/ByteBuffer;Ljava/security/ProtectionDomain;)Ljava/lang/Class;
   #35 = Class              #36              // java/security/Permissions
   #36 = Utf8               java/security/Permissions
   #37 = Methodref          #35.#19          // java/security/Permissions."<init>":()V
   #38 = Class              #39              // java/security/SecureClassLoader$CodeSourceKey
   #39 = Utf8               java/security/SecureClassLoader$CodeSourceKey
   #40 = Methodref          #38.#41          // java/security/SecureClassLoader$CodeSourceKey."<init>":(Ljava/security/CodeSource;)V
   #41 = NameAndType        #5:#42           // "<init>":(Ljava/security/CodeSource;)V
   #42 = Utf8               (Ljava/security/CodeSource;)V
   #43 = Class              #44              // java/security/SecureClassLoader$1
   #44 = Utf8               java/security/SecureClassLoader$1
   #45 = Methodref          #43.#46          // java/security/SecureClassLoader$1."<init>":(Ljava/security/SecureClassLoader;)V
   #46 = NameAndType        #5:#47           // "<init>":(Ljava/security/SecureClassLoader;)V
   #47 = Utf8               (Ljava/security/SecureClassLoader;)V
   #48 = InterfaceMethodref #49.#50          // java/util/Map.computeIfAbsent:(Ljava/lang/Object;Ljava/util/function/Function;)Ljava/lang/Object;
   #49 = Class              #51              // java/util/Map
   #50 = NameAndType        #52:#53          // computeIfAbsent:(Ljava/lang/Object;Ljava/util/function/Function;)Ljava/lang/Object;
   #51 = Utf8               java/util/Map
   #52 = Utf8               computeIfAbsent
   #53 = Utf8               (Ljava/lang/Object;Ljava/util/function/Function;)Ljava/lang/Object;
   #54 = Class              #55              // java/security/ProtectionDomain
   #55 = Utf8               java/security/ProtectionDomain
   #56 = InterfaceMethodref #49.#57          // java/util/Map.clear:()V
   #57 = NameAndType        #58:#20          // clear:()V
   #58 = Utf8               clear
   #59 = Methodref          #2.#60           // java/lang/ClassLoader.registerAsParallelCapable:()Z
   #60 = NameAndType        #61:#62          // registerAsParallelCapable:()Z
   #61 = Utf8               registerAsParallelCapable
   #62 = Utf8               ()Z
   #63 = Utf8               Signature
   #64 = Utf8               Ljava/util/Map<Ljava/security/SecureClassLoader$CodeSourceKey;Ljava/security/ProtectionDomain;>;
   #65 = Utf8               Code
   #66 = Utf8               LineNumberTable
   #67 = Utf8               LocalVariableTable
   #68 = Utf8               this
   #69 = Utf8               Ljava/security/SecureClassLoader;
   #70 = Utf8               parent
   #71 = Utf8               Ljava/lang/ClassLoader;
   #72 = Utf8               name
   #73 = Utf8               Ljava/lang/String;
   #74 = Utf8               (Ljava/lang/String;[BIILjava/security/CodeSource;)Ljava/lang/Class;
   #75 = Utf8               b
   #76 = Utf8               [B
   #77 = Utf8               off
   #78 = Utf8               I
   #79 = Utf8               len
   #80 = Utf8               cs
   #81 = Utf8               Ljava/security/CodeSource;
   #82 = Utf8               (Ljava/lang/String;[BIILjava/security/CodeSource;)Ljava/lang/Class<*>;
   #83 = Utf8               (Ljava/lang/String;Ljava/nio/ByteBuffer;Ljava/security/CodeSource;)Ljava/lang/Class;
   #84 = Utf8               Ljava/nio/ByteBuffer;
   #85 = Utf8               (Ljava/lang/String;Ljava/nio/ByteBuffer;Ljava/security/CodeSource;)Ljava/lang/Class<*>;
   #86 = Utf8               getPermissions
   #87 = Utf8               (Ljava/security/CodeSource;)Ljava/security/PermissionCollection;
   #88 = Utf8               codesource
   #89 = Utf8               key
   #90 = Utf8               Ljava/security/SecureClassLoader$CodeSourceKey;
   #91 = Utf8               StackMapTable
   #92 = Utf8               resetArchivedStates
   #93 = Utf8               <clinit>
   #94 = Utf8               SourceFile
   #95 = Utf8               SecureClassLoader.java
   #96 = Utf8               NestMembers
   #97 = Class              #98              // java/security/SecureClassLoader$DebugHolder
   #98 = Utf8               java/security/SecureClassLoader$DebugHolder
   #99 = Utf8               InnerClasses
  #100 = Utf8               CodeSourceKey
  #101 = Utf8               DebugHolder
{
  private final java.util.Map<java.security.SecureClassLoader$CodeSourceKey, java.security.ProtectionDomain> pdcache;
    descriptor: Ljava/util/Map;
    flags: (0x0012) ACC_PRIVATE, ACC_FINAL
    Signature: #64                         // Ljava/util/Map<Ljava/security/SecureClassLoader$CodeSourceKey;Ljava/security/ProtectionDomain;>;
  
  protected java.security.SecureClassLoader(java.lang.ClassLoader);
    descriptor: (Ljava/lang/ClassLoader;)V
    flags: (0x0004) ACC_PROTECTED
    Code: 
      stack=4, locals=2, args_size=2
         0: aload_0                 
         1: aload_1                 
         2: invokespecial #1                  // Method java/lang/ClassLoader."<init>":(Ljava/lang/ClassLoader;)V
         5: aload_0                 
         6: new           #7                  // class java/util/concurrent/ConcurrentHashMap
         9: dup                     
        10: bipush        11                
        12: invokespecial #9                  // Method java/util/concurrent/ConcurrentHashMap."<init>":(I)V
        15: putfield      #12                 // Field pdcache:Ljava/util/Map;
        18: return                  
      LineNumberTable:
        line 72: 0
        line 58: 5
        line 73: 18
      LocalVariableTable:
       Start   Length  Slot  Name   Signature
           0       19     0  this   Ljava/security/SecureClassLoader;
           0       19     1  parent Ljava/lang/ClassLoader;
  
  protected java.security.SecureClassLoader();
    descriptor: ()V
    flags: (0x0004) ACC_PROTECTED
    Code: 
      stack=4, locals=1, args_size=1
         0: aload_0                 
         1: invokespecial #18                 // Method java/lang/ClassLoader."<init>":()V
         4: aload_0                 
         5: new           #7                  // class java/util/concurrent/ConcurrentHashMap
         8: dup                     
         9: bipush        11                
        11: invokespecial #9                  // Method java/util/concurrent/ConcurrentHashMap."<init>":(I)V
        14: putfield      #12                 // Field pdcache:Ljava/util/Map;
        17: return                  
      LineNumberTable:
        line 80: 0
        line 58: 4
        line 81: 17
      LocalVariableTable:
       Start   Length  Slot  Name   Signature
           0       18     0  this   Ljava/security/SecureClassLoader;
  
  protected java.security.SecureClassLoader(java.lang.String, java.lang.ClassLoader);
    descriptor: (Ljava/lang/String;Ljava/lang/ClassLoader;)V
    flags: (0x0004) ACC_PROTECTED
    Code: 
      stack=4, locals=3, args_size=3
         0: aload_0                 
         1: aload_1                 
         2: aload_2                 
         3: invokespecial #21                 // Method java/lang/ClassLoader."<init>":(Ljava/lang/String;Ljava/lang/ClassLoader;)V
         6: aload_0                 
         7: new           #7                  // class java/util/concurrent/ConcurrentHashMap
        10: dup                     
        11: bipush        11                
        13: invokespecial #9                  // Method java/util/concurrent/ConcurrentHashMap."<init>":(I)V
        16: putfield      #12                 // Field pdcache:Ljava/util/Map;
        19: return                  
      LineNumberTable:
        line 95: 0
        line 58: 6
        line 96: 19
      LocalVariableTable:
       Start   Length  Slot  Name   Signature
           0       20     0  this   Ljava/security/SecureClassLoader;
           0       20     1  name   Ljava/lang/String;
           0       20     2  parent Ljava/lang/ClassLoader;
  
  protected final java.lang.Class<?> defineClass(java.lang.String, byte[], int, int, java.security.CodeSource);
    descriptor: (Ljava/lang/String;[BIILjava/security/CodeSource;)Ljava/lang/Class;
    flags: (0x0014) ACC_PROTECTED, ACC_FINAL
    Code: 
      stack=7, locals=6, args_size=6
         0: aload_0                 
         1: aload_1                 
         2: aload_2                 
         3: iload_3                 
         4: iload         4                 
         6: aload_0                 
         7: aload         5                 
         9: invokevirtual #24                 // Method getProtectionDomain:(Ljava/security/CodeSource;)Ljava/security/ProtectionDomain;
        12: invokevirtual #28                 // Method defineClass:(Ljava/lang/String;[BIILjava/security/ProtectionDomain;)Ljava/lang/Class;
        15: areturn                 
      LineNumberTable:
        line 132: 0
      LocalVariableTable:
       Start   Length  Slot  Name   Signature
           0       16     0  this   Ljava/security/SecureClassLoader;
           0       16     1  name   Ljava/lang/String;
           0       16     2  b      [B
           0       16     3  off    I
           0       16     4  len    I
           0       16     5  cs     Ljava/security/CodeSource;
    Signature: #82                         // (Ljava/lang/String;[BIILjava/security/CodeSource;)Ljava/lang/Class<*>;
  
  protected final java.lang.Class<?> defineClass(java.lang.String, java.nio.ByteBuffer, java.security.CodeSource);
    descriptor: (Ljava/lang/String;Ljava/nio/ByteBuffer;Ljava/security/CodeSource;)Ljava/lang/Class;
    flags: (0x0014) ACC_PROTECTED, ACC_FINAL
    Code: 
      stack=5, locals=4, args_size=4
         0: aload_0                 
         1: aload_1                 
         2: aload_2                 
         3: aload_0                 
         4: aload_3                 
         5: invokevirtual #24                 // Method getProtectionDomain:(Ljava/security/CodeSource;)Ljava/security/ProtectionDomain;
         8: invokevirtual #32                 // Method defineClass:(Ljava/lang/String;Ljava/nio/ByteBuffer;Ljava/security/ProtectionDomain;)Ljava/lang/Class;
        11: areturn                 
      LineNumberTable:
        line 164: 0
      LocalVariableTable:
       Start   Length  Slot  Name   Signature
           0       12     0  this   Ljava/security/SecureClassLoader;
           0       12     1  name   Ljava/lang/String;
           0       12     2  b      Ljava/nio/ByteBuffer;
           0       12     3  cs     Ljava/security/CodeSource;
    Signature: #85                         // (Ljava/lang/String;Ljava/nio/ByteBuffer;Ljava/security/CodeSource;)Ljava/lang/Class<*>;
  
  protected java.security.PermissionCollection getPermissions(java.security.CodeSource);
    descriptor: (Ljava/security/CodeSource;)Ljava/security/PermissionCollection;
    flags: (0x0004) ACC_PROTECTED
    Code: 
      stack=2, locals=2, args_size=2
         0: new           #35                 // class java/security/Permissions
         3: dup                     
         4: invokespecial #37                 // Method java/security/Permissions."<init>":()V
         7: areturn                 
      LineNumberTable:
        line 181: 0
      LocalVariableTable:
       Start   Length  Slot  Name   Signature
           0        8     0  this   Ljava/security/SecureClassLoader;
           0        8     1  codesource Ljava/security/CodeSource;
  
  private java.security.ProtectionDomain getProtectionDomain(java.security.CodeSource);
    descriptor: (Ljava/security/CodeSource;)Ljava/security/ProtectionDomain;
    flags: (0x0002) ACC_PRIVATE
    Code: 
      stack=5, locals=3, args_size=2
         0: aload_1                 
         1: ifnonnull     6                 
         4: aconst_null             
         5: areturn                 
         6: new           #38                 // class java/security/SecureClassLoader$CodeSourceKey
         9: dup                     
        10: aload_1                 
        11: invokespecial #40                 // Method java/security/SecureClassLoader$CodeSourceKey."<init>":(Ljava/security/CodeSource;)V
        14: astore_2                
        15: aload_0                 
        16: getfield      #12                 // Field pdcache:Ljava/util/Map;
        19: aload_2                 
        20: new           #43                 // class java/security/SecureClassLoader$1
        23: dup                     
        24: aload_0                 
        25: invokespecial #45                 // Method java/security/SecureClassLoader$1."<init>":(Ljava/security/SecureClassLoader;)V
        28: invokeinterface #48, 3              // InterfaceMethod java/util/Map.computeIfAbsent:(Ljava/lang/Object;Ljava/util/function/Function;)Ljava/lang/Object;
        33: checkcast     #54                 // class java/security/ProtectionDomain
        36: areturn                 
      LineNumberTable:
        line 195: 0
        line 196: 4
        line 203: 6
        line 204: 15
      LocalVariableTable:
       Start   Length  Slot  Name   Signature
           0       37     0  this   Ljava/security/SecureClassLoader;
           0       37     1  cs     Ljava/security/CodeSource;
          15       22     2  key    Ljava/security/SecureClassLoader$CodeSourceKey;
      StackMapTable: number_of_entries = 1
        frame_type = 6 /* same */
  
  private void resetArchivedStates();
    descriptor: ()V
    flags: (0x0002) ACC_PRIVATE
    Code: 
      stack=1, locals=1, args_size=1
         0: aload_0                 
         1: getfield      #12                 // Field pdcache:Ljava/util/Map;
         4: invokeinterface #56, 1              // InterfaceMethod java/util/Map.clear:()V
         9: return                  
      LineNumberTable:
        line 245: 0
        line 246: 9
      LocalVariableTable:
       Start   Length  Slot  Name   Signature
           0       10     0  this   Ljava/security/SecureClassLoader;
  
  static {};
    descriptor: ()V
    flags: (0x0008) ACC_STATIC
    Code: 
      stack=1, locals=0, args_size=0
         0: invokestatic  #59                 // Method java/lang/ClassLoader.registerAsParallelCapable:()Z
         3: pop                     
         4: return                  
      LineNumberTable:
        line 62: 0
        line 63: 4
}
SourceFile: "SecureClassLoader.java"
NestMembers:
  java/security/SecureClassLoader$CodeSourceKey
  java/security/SecureClassLoader$DebugHolder
  java/security/SecureClassLoader$1
InnerClasses:
  private static final #100= #38 of #13;      // CodeSourceKey=class java/security/SecureClassLoader$CodeSourceKey of class java/security/SecureClassLoader
  #43;                                        // class java/security/SecureClassLoader$1
  private static #101= #97 of #13;            // DebugHolder=class java/security/SecureClassLoader$DebugHolder of class java/security/SecureClassLoader
