---
source: jclass/src/lib.rs
expression: display
---
class java.util.Hashtable$Entry <K extends java.lang.Object, V extends java.lang.Object> extends java.lang.Object implements java.util.Map$Entry<K, V>
  minor version: 0
  major version: 68
  flags: (0x0020) ACC_SUPER
  this_class: #8                       //java/util/Hashtable$Entry
  super_class: #2                      //java/lang/Object
  interfaces: 1, fields: 4, methods: 8, attributes: 4
Constant pool:
   #1 = Methodref          #2.#3            // java/lang/Object."<init>":()V
   #2 = Class              #4               // java/lang/Object
   #3 = NameAndType        #5:#6            // "<init>":()V
   #4 = Utf8               java/lang/Object
   #5 = Utf8               <init>
   #6 = Utf8               ()V
   #7 = Fieldref           #8.#9            // java/util/Hashtable$Entry.hash:I
   #8 = Class              #10              // java/util/Hashtable$Entry
   #9 = NameAndType        #11:#12          // hash:I
  #10 = Utf8               java/util/Hashtable$Entry
  #11 = Utf8               hash
  #12 = Utf8               I
  #13 = Fieldref           #8.#14           // java/util/Hashtable$Entry.key:Ljava/lang/Object;
  #14 = NameAndType        #15:#16          // key:Ljava/lang/Object;
  #15 = Utf8               key
  #16 = Utf8               Ljava/lang/Object;
  #17 = Fieldref           #8.#18           // java/util/Hashtable$Entry.value:Ljava/lang/Object;
  #18 = NameAndType        #19:#16          // value:Ljava/lang/Object;
  #19 = Utf8               value
  #20 = Fieldref           #8.#21           // java/util/Hashtable$Entry.next:Ljava/util/Hashtable$Entry;
  #21 = NameAndType        #22:#23          // next:Ljava/util/Hashtable$Entry;
  #22 = Utf8               next
  #23 = Utf8               Ljava/util/Hashtable$Entry;
  #24 = Methodref          #8.#25           // java/util/Hashtable$Entry.clone:()Ljava/lang/Object;
  #25 = NameAndType        #26:#27          // clone:()Ljava/lang/Object;
  #26 = Utf8               clone
  #27 = Utf8               ()Ljava/lang/Object;
  #28 = Methodref          #8.#29           // java/util/Hashtable$Entry."<init>":(ILjava/lang/Object;Ljava/lang/Object;Ljava/util/Hashtable$Entry;)V
  #29 = NameAndType        #5:#30           // "<init>":(ILjava/lang/Object;Ljava/lang/Object;Ljava/util/Hashtable$Entry;)V
  #30 = Utf8               (ILjava/lang/Object;Ljava/lang/Object;Ljava/util/Hashtable$Entry;)V
  #31 = Class              #32              // java/lang/NullPointerException
  #32 = Utf8               java/lang/NullPointerException
  #33 = Methodref          #31.#3           // java/lang/NullPointerException."<init>":()V
  #34 = Class              #35              // java/util/Map$Entry
  #35 = Utf8               java/util/Map$Entry
  #36 = InterfaceMethodref #34.#37          // java/util/Map$Entry.getKey:()Ljava/lang/Object;
  #37 = NameAndType        #38:#27          // getKey:()Ljava/lang/Object;
  #38 = Utf8               getKey
  #39 = Methodref          #2.#40           // java/lang/Object.equals:(Ljava/lang/Object;)Z
  #40 = NameAndType        #41:#42          // equals:(Ljava/lang/Object;)Z
  #41 = Utf8               equals
  #42 = Utf8               (Ljava/lang/Object;)Z
  #43 = InterfaceMethodref #34.#44          // java/util/Map$Entry.getValue:()Ljava/lang/Object;
  #44 = NameAndType        #45:#27          // getValue:()Ljava/lang/Object;
  #45 = Utf8               getValue
  #46 = Methodref          #47.#48          // java/util/Objects.hashCode:(Ljava/lang/Object;)I
  #47 = Class              #49              // java/util/Objects
  #48 = NameAndType        #50:#51          // hashCode:(Ljava/lang/Object;)I
  #49 = Utf8               java/util/Objects
  #50 = Utf8               hashCode
  #51 = Utf8               (Ljava/lang/Object;)I
  #52 = Class              #53              // java/lang/StringBuilder
  #53 = Utf8               java/lang/StringBuilder
  #54 = Methodref          #52.#3           // java/lang/StringBuilder."<init>":()V
  #55 = Methodref          #2.#56           // java/lang/Object.toString:()Ljava/lang/String;
  #56 = NameAndType        #57:#58          // toString:()Ljava/lang/String;
  #57 = Utf8               toString
  #58 = Utf8               ()Ljava/lang/String;
  #59 = Methodref          #52.#60          // java/lang/StringBuilder.append:(Ljava/lang/String;)Ljava/lang/StringBuilder;
  #60 = NameAndType        #61:#62          // append:(Ljava/lang/String;)Ljava/lang/StringBuilder;
  #61 = Utf8               append
  #62 = Utf8               (Ljava/lang/String;)Ljava/lang/StringBuilder;
  #63 = String             #64              // =
  #64 = Utf8               =
  #65 = Methodref          #52.#56          // java/lang/StringBuilder.toString:()Ljava/lang/String;
  #66 = Utf8               Signature
  #67 = Utf8               TK;
  #68 = Utf8               TV;
  #69 = Utf8               Ljava/util/Hashtable$Entry<TK;TV;>;
  #70 = Utf8               Code
  #71 = Utf8               LineNumberTable
  #72 = Utf8               LocalVariableTable
  #73 = Utf8               this
  #74 = Utf8               LocalVariableTypeTable
  #75 = Utf8               (ITK;TV;Ljava/util/Hashtable$Entry<TK;TV;>;)V
  #76 = Utf8               StackMapTable
  #77 = Utf8               ()TK;
  #78 = Utf8               ()TV;
  #79 = Utf8               setValue
  #80 = Utf8               (Ljava/lang/Object;)Ljava/lang/Object;
  #81 = Utf8               oldValue
  #82 = Utf8               (TV;)TV;
  #83 = Utf8               e
  #84 = Utf8               Ljava/util/Map$Entry;
  #85 = Utf8               o
  #86 = Utf8               Ljava/util/Map$Entry<**>;
  #87 = Utf8               ()I
  #88 = Utf8               <K:Ljava/lang/Object;V:Ljava/lang/Object;>Ljava/lang/Object;Ljava/util/Map$Entry<TK;TV;>;
  #89 = Utf8               SourceFile
  #90 = Utf8               Hashtable.java
  #91 = Utf8               NestHost
  #92 = Class              #93              // java/util/Hashtable
  #93 = Utf8               java/util/Hashtable
  #94 = Utf8               InnerClasses
  #95 = Utf8               Entry
  #96 = Class              #97              // java/util/Map
  #97 = Utf8               java/util/Map
{
  final int hash;
    descriptor: I
    flags: (0x0010) ACC_FINAL
  
  final K key;
    descriptor: Ljava/lang/Object;
    flags: (0x0010) ACC_FINAL
    Signature: #67                         // TK;
  
  V value;
    descriptor: Ljava/lang/Object;
    flags: (0x0000) 
    Signature: #68                         // TV;
  
  java.util.Hashtable$Entry<K, V> next;
    descriptor: Ljava/util/Hashtable$Entry;
    flags: (0x0000) 
    Signature: #69                         // Ljava/util/Hashtable$Entry<TK;TV;>;
  
  protected java.util.Hashtable$Entry(int, K, V, java.util.Hashtable$Entry<K, V>);
    descriptor: (ILjava/lang/Object;Ljava/lang/Object;Ljava/util/Hashtable$Entry;)V
    flags: (0x0004) ACC_PROTECTED
    Code: 
      stack=2, locals=5, args_size=5
         0: aload_0                 
         1: invokespecial #1                  // Method java/lang/Object."<init>":()V
         4: aload_0                 
         5: iload_1                 
         6: putfield      #7                  // Field hash:I
         9: aload_0                 
        10: aload_2                 
        11: putfield      #13                 // Field key:Ljava/lang/Object;
        14: aload_0                 
        15: aload_3                 
        16: putfield      #17                 // Field value:Ljava/lang/Object;
        19: aload_0                 
        20: aload         4                 
        22: putfield      #20                 // Field next:Ljava/util/Hashtable$Entry;
        25: return                  
      LineNumberTable:
        line 1372: 0
        line 1373: 4
        line 1374: 9
        line 1375: 14
        line 1376: 19
        line 1377: 25
      LocalVariableTable:
       Start   Length  Slot  Name   Signature
           0       26     0  this   Ljava/util/Hashtable$Entry;
           0       26     1  hash   I
           0       26     2  key    Ljava/lang/Object;
           0       26     3  value  Ljava/lang/Object;
           0       26     4  next   Ljava/util/Hashtable$Entry;
      LocalVariableTypeTable:
         Start   Length  Slot  Name   Signature
             0       26     0  this   Ljava/util/Hashtable$Entry<TK;TV;>;
             0       26     2  key    TK;
             0       26     3  value   TV;
             0       26     4  next   Ljava/util/Hashtable$Entry<TK;TV;>;
    Signature: #75                         // (ITK;TV;Ljava/util/Hashtable$Entry<TK;TV;>;)V
  
  protected java.lang.Object clone();
    descriptor: ()Ljava/lang/Object;
    flags: (0x0004) ACC_PROTECTED
    Code: 
      stack=6, locals=1, args_size=1
         0: new           #8                  // class java/util/Hashtable$Entry
         3: dup                     
         4: aload_0                 
         5: getfield      #7                  // Field hash:I
         8: aload_0                 
         9: getfield      #13                 // Field key:Ljava/lang/Object;
        12: aload_0                 
        13: getfield      #17                 // Field value:Ljava/lang/Object;
        16: aload_0                 
        17: getfield      #20                 // Field next:Ljava/util/Hashtable$Entry;
        20: ifnonnull     27                
        23: aconst_null             
        24: goto          37                
        27: aload_0                 
        28: getfield      #20                 // Field next:Ljava/util/Hashtable$Entry;
        31: invokevirtual #24                 // Method clone:()Ljava/lang/Object;
        34: checkcast     #8                  // class java/util/Hashtable$Entry
        37: invokespecial #28                 // Method "<init>":(ILjava/lang/Object;Ljava/lang/Object;Ljava/util/Hashtable$Entry;)V
        40: areturn                 
      LineNumberTable:
        line 1381: 0
        line 1382: 16
        line 1381: 40
      LocalVariableTable:
       Start   Length  Slot  Name   Signature
           0       41     0  this   Ljava/util/Hashtable$Entry;
      LocalVariableTypeTable:
         Start   Length  Slot  Name   Signature
             0       41     0  this   Ljava/util/Hashtable$Entry<TK;TV;>;
      StackMapTable: number_of_entries = 2
        frame_type = 255 /* full_frame */
          offset_delta = 27
          locals = [class java/util/Hashtable$Entry]
          stack = [uninitialized 0, uninitialized 0, int, class java/lang/Object, class java/lang/Object]
        frame_type = 255 /* full_frame */
          offset_delta = 9
          locals = [class java/util/Hashtable$Entry]
          stack = [uninitialized 0, uninitialized 0, int, class java/lang/Object, class java/lang/Object, class java/util/Hashtable$Entry]
  
  public K getKey();
    descriptor: ()Ljava/lang/Object;
    flags: (0x0001) ACC_PUBLIC
    Code: 
      stack=1, locals=1, args_size=1
         0: aload_0                 
         1: getfield      #13                 // Field key:Ljava/lang/Object;
         4: areturn                 
      LineNumberTable:
        line 1388: 0
      LocalVariableTable:
       Start   Length  Slot  Name   Signature
           0        5     0  this   Ljava/util/Hashtable$Entry;
      LocalVariableTypeTable:
         Start   Length  Slot  Name   Signature
             0        5     0  this   Ljava/util/Hashtable$Entry<TK;TV;>;
    Signature: #77                         // ()TK;
  
  public V getValue();
    descriptor: ()Ljava/lang/Object;
    flags: (0x0001) ACC_PUBLIC
    Code: 
      stack=1, locals=1, args_size=1
         0: aload_0                 
         1: getfield      #17                 // Field value:Ljava/lang/Object;
         4: areturn                 
      LineNumberTable:
        line 1392: 0
      LocalVariableTable:
       Start   Length  Slot  Name   Signature
           0        5     0  this   Ljava/util/Hashtable$Entry;
      LocalVariableTypeTable:
         Start   Length  Slot  Name   Signature
             0        5     0  this   Ljava/util/Hashtable$Entry<TK;TV;>;
    Signature: #78                         // ()TV;
  
  public V setValue(V);
    descriptor: (Ljava/lang/Object;)Ljava/lang/Object;
    flags: (0x0001) ACC_PUBLIC
    Code: 
      stack=2, locals=3, args_size=2
         0: aload_1                 
         1: ifnonnull     12                
         4: new           #31                 // class java/lang/NullPointerException
         7: dup                     
         8: invokespecial #33                 // Method java/lang/NullPointerException."<init>":()V
        11: athrow                  
        12: aload_0                 
        13: getfield      #17                 // Field value:Ljava/lang/Object;
        16: astore_2                
        17: aload_0                 
        18: aload_1                 
        19: putfield      #17                 // Field value:Ljava/lang/Object;
        22: aload_2                 
        23: areturn                 
      LineNumberTable:
        line 1396: 0
        line 1397: 4
        line 1399: 12
        line 1400: 17
        line 1401: 22
      LocalVariableTable:
       Start   Length  Slot  Name   Signature
           0       24     0  this   Ljava/util/Hashtable$Entry;
           0       24     1  value  Ljava/lang/Object;
          17        7     2  oldValue Ljava/lang/Object;
      LocalVariableTypeTable:
         Start   Length  Slot  Name   Signature
             0       24     0  this   Ljava/util/Hashtable$Entry<TK;TV;>;
             0       24     1  value   TV;
            17        7     2  oldValue   TV;
      StackMapTable: number_of_entries = 1
        frame_type = 12 /* same */
    Signature: #82                         // (TV;)TV;
  
  public boolean equals(java.lang.Object);
    descriptor: (Ljava/lang/Object;)Z
    flags: (0x0001) ACC_PUBLIC
    Code: 
      stack=2, locals=3, args_size=2
         0: aload_1                 
         1: instanceof    #34                 // class java/util/Map$Entry
         4: ifeq          15                
         7: aload_1                 
         8: checkcast     #34                 // class java/util/Map$Entry
        11: astore_2                
        12: goto          17                
        15: iconst_0                
        16: ireturn                 
        17: aload_0                 
        18: getfield      #13                 // Field key:Ljava/lang/Object;
        21: ifnonnull     36                
        24: aload_2                 
        25: invokeinterface #36, 1              // InterfaceMethod java/util/Map$Entry.getKey:()Ljava/lang/Object;
        30: ifnonnull     91                
        33: goto          52                
        36: aload_0                 
        37: getfield      #13                 // Field key:Ljava/lang/Object;
        40: aload_2                 
        41: invokeinterface #36, 1              // InterfaceMethod java/util/Map$Entry.getKey:()Ljava/lang/Object;
        46: invokevirtual #39                 // Method java/lang/Object.equals:(Ljava/lang/Object;)Z
        49: ifeq          91                
        52: aload_0                 
        53: getfield      #17                 // Field value:Ljava/lang/Object;
        56: ifnonnull     71                
        59: aload_2                 
        60: invokeinterface #43, 1              // InterfaceMethod java/util/Map$Entry.getValue:()Ljava/lang/Object;
        65: ifnonnull     91                
        68: goto          87                
        71: aload_0                 
        72: getfield      #17                 // Field value:Ljava/lang/Object;
        75: aload_2                 
        76: invokeinterface #43, 1              // InterfaceMethod java/util/Map$Entry.getValue:()Ljava/lang/Object;
        81: invokevirtual #39                 // Method java/lang/Object.equals:(Ljava/lang/Object;)Z
        84: ifeq          91                
        87: iconst_1                
        88: goto          92                
        91: iconst_0                
        92: ireturn                 
      LineNumberTable:
        line 1405: 0
        line 1406: 15
        line 1408: 17
        line 1409: 60
        line 1408: 92
      LocalVariableTable:
       Start   Length  Slot  Name   Signature
          12        3     2  e      Ljava/util/Map$Entry;
           0       93     0  this   Ljava/util/Hashtable$Entry;
           0       93     1  o      Ljava/lang/Object;
          17       76     2  e      Ljava/util/Map$Entry;
      LocalVariableTypeTable:
         Start   Length  Slot  Name   Signature
            12        3     2  e      Ljava/util/Map$Entry<**>;
             0       93     0  this   Ljava/util/Hashtable$Entry<TK;TV;>;
            17       76     2  e      Ljava/util/Map$Entry<**>;
      StackMapTable: number_of_entries = 8
        frame_type = 15 /* same */
        frame_type = 252 /* append */
          offset_delta = 1
          locals = [class java/util/Map$Entry]
        frame_type = 18 /* same */
        frame_type = 15 /* same */
        frame_type = 18 /* same */
        frame_type = 15 /* same */
        frame_type = 3 /* same */
        frame_type = 64 /* same_locals_1_stack_item */
          stack = [ int ]
  
  public int hashCode();
    descriptor: ()I
    flags: (0x0001) ACC_PUBLIC
    Code: 
      stack=2, locals=1, args_size=1
         0: aload_0                 
         1: getfield      #7                  // Field hash:I
         4: aload_0                 
         5: getfield      #17                 // Field value:Ljava/lang/Object;
         8: invokestatic  #46                 // Method java/util/Objects.hashCode:(Ljava/lang/Object;)I
        11: ixor                    
        12: ireturn                 
      LineNumberTable:
        line 1413: 0
      LocalVariableTable:
       Start   Length  Slot  Name   Signature
           0       13     0  this   Ljava/util/Hashtable$Entry;
      LocalVariableTypeTable:
         Start   Length  Slot  Name   Signature
             0       13     0  this   Ljava/util/Hashtable$Entry<TK;TV;>;
  
  public java.lang.String toString();
    descriptor: ()Ljava/lang/String;
    flags: (0x0001) ACC_PUBLIC
    Code: 
      stack=2, locals=1, args_size=1
         0: new           #52                 // class java/lang/StringBuilder
         3: dup                     
         4: invokespecial #54                 // Method java/lang/StringBuilder."<init>":()V
         7: aload_0                 
         8: getfield      #13                 // Field key:Ljava/lang/Object;
        11: invokevirtual #55                 // Method java/lang/Object.toString:()Ljava/lang/String;
        14: invokevirtual #59                 // Method java/lang/StringBuilder.append:(Ljava/lang/String;)Ljava/lang/StringBuilder;
        17: ldc           #63                 // String =
        19: invokevirtual #59                 // Method java/lang/StringBuilder.append:(Ljava/lang/String;)Ljava/lang/StringBuilder;
        22: aload_0                 
        23: getfield      #17                 // Field value:Ljava/lang/Object;
        26: invokevirtual #55                 // Method java/lang/Object.toString:()Ljava/lang/String;
        29: invokevirtual #59                 // Method java/lang/StringBuilder.append:(Ljava/lang/String;)Ljava/lang/StringBuilder;
        32: invokevirtual #65                 // Method java/lang/StringBuilder.toString:()Ljava/lang/String;
        35: areturn                 
      LineNumberTable:
        line 1417: 0
      LocalVariableTable:
       Start   Length  Slot  Name   Signature
           0       36     0  this   Ljava/util/Hashtable$Entry;
      LocalVariableTypeTable:
         Start   Length  Slot  Name   Signature
             0       36     0  this   Ljava/util/Hashtable$Entry<TK;TV;>;
}
Signature: #88                         // <K:Ljava/lang/Object;V:Ljava/lang/Object;>Ljava/lang/Object;Ljava/util/Map$Entry<TK;TV;>;
SourceFile: "Hashtable.java"
NestHost: class java/util/Hashtable
InnerClasses:
  private static #95= #8 of #92;              // Entry=class java/util/Hashtable$Entry of class java/util/Hashtable
  public static #95= #34 of #96;              // Entry=class java/util/Map$Entry of class java/util/Map
