---
source: jclass/src/lib.rs
expression: display
---
public final class java.util.Objects 
  minor version: 0
  major version: 68
  flags: (0x0031) ACC_PUBLIC, ACC_FINAL, ACC_SUPER
  this_class: #42                      //java/util/Objects
  super_class: #2                      //java/lang/Object
  interfaces: 0, fields: 0, methods: 22, attributes: 1
Constant pool:
    #1 = Methodref          #2.#3            // java/lang/Object."<init>":()V
    #2 = Class              #4               // java/lang/Object
    #3 = NameAndType        #5:#6            // "<init>":()V
    #4 = Utf8               java/lang/Object
    #5 = Utf8               <init>
    #6 = Utf8               ()V
    #7 = Class              #8               // java/lang/AssertionError
    #8 = Utf8               java/lang/AssertionError
    #9 = String             #10              // No java.util.Objects instances for you!
   #10 = Utf8               No java.util.Objects instances for you!
   #11 = Methodref          #7.#12           // java/lang/AssertionError."<init>":(Ljava/lang/Object;)V
   #12 = NameAndType        #5:#13           // "<init>":(Ljava/lang/Object;)V
   #13 = Utf8               (Ljava/lang/Object;)V
   #14 = Methodref          #2.#15           // java/lang/Object.equals:(Ljava/lang/Object;)Z
   #15 = NameAndType        #16:#17          // equals:(Ljava/lang/Object;)Z
   #16 = Utf8               equals
   #17 = Utf8               (Ljava/lang/Object;)Z
   #18 = Methodref          #19.#20          // java/util/Arrays.deepEquals0:(Ljava/lang/Object;Ljava/lang/Object;)Z
   #19 = Class              #21              // java/util/Arrays
   #20 = NameAndType        #22:#23          // deepEquals0:(Ljava/lang/Object;Ljava/lang/Object;)Z
   #21 = Utf8               java/util/Arrays
   #22 = Utf8               deepEquals0
   #23 = Utf8               (Ljava/lang/Object;Ljava/lang/Object;)Z
   #24 = Methodref          #2.#25           // java/lang/Object.hashCode:()I
   #25 = NameAndType        #26:#27          // hashCode:()I
   #26 = Utf8               hashCode
   #27 = Utf8               ()I
   #28 = Methodref          #19.#29          // java/util/Arrays.hashCode:([Ljava/lang/Object;)I
   #29 = NameAndType        #26:#30          // hashCode:([Ljava/lang/Object;)I
   #30 = Utf8               ([Ljava/lang/Object;)I
   #31 = Methodref          #32.#33          // java/lang/String.valueOf:(Ljava/lang/Object;)Ljava/lang/String;
   #32 = Class              #34              // java/lang/String
   #33 = NameAndType        #35:#36          // valueOf:(Ljava/lang/Object;)Ljava/lang/String;
   #34 = Utf8               java/lang/String
   #35 = Utf8               valueOf
   #36 = Utf8               (Ljava/lang/Object;)Ljava/lang/String;
   #37 = Methodref          #2.#38           // java/lang/Object.toString:()Ljava/lang/String;
   #38 = NameAndType        #39:#40          // toString:()Ljava/lang/String;
   #39 = Utf8               toString
   #40 = Utf8               ()Ljava/lang/String;
   #41 = Methodref          #42.#43          // java/util/Objects.requireNonNull:(Ljava/lang/Object;)Ljava/lang/Object;
   #42 = Class              #44              // java/util/Objects
   #43 = NameAndType        #45:#46          // requireNonNull:(Ljava/lang/Object;)Ljava/lang/Object;
   #44 = Utf8               java/util/Objects
   #45 = Utf8               requireNonNull
   #46 = Utf8               (Ljava/lang/Object;)Ljava/lang/Object;
   #47 = Class              #48              // java/lang/StringBuilder
   #48 = Utf8               java/lang/StringBuilder
   #49 = Methodref          #47.#3           // java/lang/StringBuilder."<init>":()V
   #50 = Methodref          #2.#51           // java/lang/Object.getClass:()Ljava/lang/Class;
   #51 = NameAndType        #52:#53          // getClass:()Ljava/lang/Class;
   #52 = Utf8               getClass
   #53 = Utf8               ()Ljava/lang/Class;
   #54 = Methodref          #55.#56          // java/lang/Class.getName:()Ljava/lang/String;
   #55 = Class              #57              // java/lang/Class
   #56 = NameAndType        #58:#40          // getName:()Ljava/lang/String;
   #57 = Utf8               java/lang/Class
   #58 = Utf8               getName
   #59 = Methodref          #47.#60          // java/lang/StringBuilder.append:(Ljava/lang/String;)Ljava/lang/StringBuilder;
   #60 = NameAndType        #61:#62          // append:(Ljava/lang/String;)Ljava/lang/StringBuilder;
   #61 = Utf8               append
   #62 = Utf8               (Ljava/lang/String;)Ljava/lang/StringBuilder;
   #63 = String             #64              // @
   #64 = Utf8               @
   #65 = Methodref          #66.#67          // java/lang/System.identityHashCode:(Ljava/lang/Object;)I
   #66 = Class              #68              // java/lang/System
   #67 = NameAndType        #69:#70          // identityHashCode:(Ljava/lang/Object;)I
   #68 = Utf8               java/lang/System
   #69 = Utf8               identityHashCode
   #70 = Utf8               (Ljava/lang/Object;)I
   #71 = Methodref          #72.#73          // java/lang/Integer.toHexString:(I)Ljava/lang/String;
   #72 = Class              #74              // java/lang/Integer
   #73 = NameAndType        #75:#76          // toHexString:(I)Ljava/lang/String;
   #74 = Utf8               java/lang/Integer
   #75 = Utf8               toHexString
   #76 = Utf8               (I)Ljava/lang/String;
   #77 = Methodref          #47.#38          // java/lang/StringBuilder.toString:()Ljava/lang/String;
   #78 = InterfaceMethodref #79.#80          // java/util/Comparator.compare:(Ljava/lang/Object;Ljava/lang/Object;)I
   #79 = Class              #81              // java/util/Comparator
   #80 = NameAndType        #82:#83          // compare:(Ljava/lang/Object;Ljava/lang/Object;)I
   #81 = Utf8               java/util/Comparator
   #82 = Utf8               compare
   #83 = Utf8               (Ljava/lang/Object;Ljava/lang/Object;)I
   #84 = Class              #85              // java/lang/NullPointerException
   #85 = Utf8               java/lang/NullPointerException
   #86 = Methodref          #84.#3           // java/lang/NullPointerException."<init>":()V
   #87 = Methodref          #84.#88          // java/lang/NullPointerException."<init>":(Ljava/lang/String;)V
   #88 = NameAndType        #5:#89           // "<init>":(Ljava/lang/String;)V
   #89 = Utf8               (Ljava/lang/String;)V
   #90 = String             #91              // defaultObj
   #91 = Utf8               defaultObj
   #92 = Methodref          #42.#93          // java/util/Objects.requireNonNull:(Ljava/lang/Object;Ljava/lang/String;)Ljava/lang/Object;
   #93 = NameAndType        #45:#94          // requireNonNull:(Ljava/lang/Object;Ljava/lang/String;)Ljava/lang/Object;
   #94 = Utf8               (Ljava/lang/Object;Ljava/lang/String;)Ljava/lang/Object;
   #95 = String             #96              // supplier
   #96 = Utf8               supplier
   #97 = Class              #98              // java/util/function/Supplier
   #98 = Utf8               java/util/function/Supplier
   #99 = InterfaceMethodref #97.#100         // java/util/function/Supplier.get:()Ljava/lang/Object;
  #100 = NameAndType        #101:#102        // get:()Ljava/lang/Object;
  #101 = Utf8               get
  #102 = Utf8               ()Ljava/lang/Object;
  #103 = String             #104             // supplier.get()
  #104 = Utf8               supplier.get()
  #105 = Methodref          #106.#107        // jdk/internal/util/Preconditions.checkIndex:(IILjava/util/function/BiFunction;)I
  #106 = Class              #108             // jdk/internal/util/Preconditions
  #107 = NameAndType        #109:#110        // checkIndex:(IILjava/util/function/BiFunction;)I
  #108 = Utf8               jdk/internal/util/Preconditions
  #109 = Utf8               checkIndex
  #110 = Utf8               (IILjava/util/function/BiFunction;)I
  #111 = Methodref          #106.#112        // jdk/internal/util/Preconditions.checkFromToIndex:(IIILjava/util/function/BiFunction;)I
  #112 = NameAndType        #113:#114        // checkFromToIndex:(IIILjava/util/function/BiFunction;)I
  #113 = Utf8               checkFromToIndex
  #114 = Utf8               (IIILjava/util/function/BiFunction;)I
  #115 = Methodref          #106.#116        // jdk/internal/util/Preconditions.checkFromIndexSize:(IIILjava/util/function/BiFunction;)I
  #116 = NameAndType        #117:#114        // checkFromIndexSize:(IIILjava/util/function/BiFunction;)I
  #117 = Utf8               checkFromIndexSize
  #118 = Methodref          #106.#119        // jdk/internal/util/Preconditions.checkIndex:(JJLjava/util/function/BiFunction;)J
  #119 = NameAndType        #109:#120        // checkIndex:(JJLjava/util/function/BiFunction;)J
  #120 = Utf8               (JJLjava/util/function/BiFunction;)J
  #121 = Methodref          #106.#122        // jdk/internal/util/Preconditions.checkFromToIndex:(JJJLjava/util/function/BiFunction;)J
  #122 = NameAndType        #113:#123        // checkFromToIndex:(JJJLjava/util/function/BiFunction;)J
  #123 = Utf8               (JJJLjava/util/function/BiFunction;)J
  #124 = Methodref          #106.#125        // jdk/internal/util/Preconditions.checkFromIndexSize:(JJJLjava/util/function/BiFunction;)J
  #125 = NameAndType        #117:#123        // checkFromIndexSize:(JJJLjava/util/function/BiFunction;)J
  #126 = Utf8               Code
  #127 = Utf8               LineNumberTable
  #128 = Utf8               LocalVariableTable
  #129 = Utf8               this
  #130 = Utf8               Ljava/util/Objects;
  #131 = Utf8               a
  #132 = Utf8               Ljava/lang/Object;
  #133 = Utf8               b
  #134 = Utf8               StackMapTable
  #135 = Utf8               deepEquals
  #136 = Utf8               o
  #137 = Utf8               hash
  #138 = Utf8               values
  #139 = Utf8               [Ljava/lang/Object;
  #140 = Utf8               (Ljava/lang/Object;Ljava/lang/String;)Ljava/lang/String;
  #141 = Utf8               nullDefault
  #142 = Utf8               Ljava/lang/String;
  #143 = Utf8               toIdentityString
  #144 = Utf8               (Ljava/lang/Object;Ljava/lang/Object;Ljava/util/Comparator;)I
  #145 = Utf8               c
  #146 = Utf8               Ljava/util/Comparator;
  #147 = Utf8               LocalVariableTypeTable
  #148 = Utf8               TT;
  #149 = Utf8               Ljava/util/Comparator<-TT;>;
  #150 = Utf8               Signature
  #151 = Utf8               <T:Ljava/lang/Object;>(TT;TT;Ljava/util/Comparator<-TT;>;)I
  #152 = Utf8               obj
  #153 = Utf8               <T:Ljava/lang/Object;>(TT;)TT;
  #154 = Utf8               RuntimeVisibleAnnotations
  #155 = Utf8               Ljdk/internal/vm/annotation/ForceInline;
  #156 = Utf8               message
  #157 = Utf8               <T:Ljava/lang/Object;>(TT;Ljava/lang/String;)TT;
  #158 = Utf8               isNull
  #159 = Utf8               nonNull
  #160 = Utf8               requireNonNullElse
  #161 = Utf8               (Ljava/lang/Object;Ljava/lang/Object;)Ljava/lang/Object;
  #162 = Utf8               <T:Ljava/lang/Object;>(TT;TT;)TT;
  #163 = Utf8               requireNonNullElseGet
  #164 = Utf8               (Ljava/lang/Object;Ljava/util/function/Supplier;)Ljava/lang/Object;
  #165 = Utf8               Ljava/util/function/Supplier;
  #166 = Utf8               Ljava/util/function/Supplier<+TT;>;
  #167 = Utf8               <T:Ljava/lang/Object;>(TT;Ljava/util/function/Supplier<+TT;>;)TT;
  #168 = Utf8               messageSupplier
  #169 = Utf8               Ljava/util/function/Supplier<Ljava/lang/String;>;
  #170 = Utf8               <T:Ljava/lang/Object;>(TT;Ljava/util/function/Supplier<Ljava/lang/String;>;)TT;
  #171 = Utf8               (II)I
  #172 = Utf8               index
  #173 = Utf8               I
  #174 = Utf8               length
  #175 = Utf8               (III)I
  #176 = Utf8               fromIndex
  #177 = Utf8               toIndex
  #178 = Utf8               size
  #179 = Utf8               (JJ)J
  #180 = Utf8               J
  #181 = Utf8               (JJJ)J
  #182 = Utf8               SourceFile
  #183 = Utf8               Objects.java
{
  private java.util.Objects();
    descriptor: ()V
    flags: (0x0002) ACC_PRIVATE
    Code: 
      stack=3, locals=1, args_size=1
         0: aload_0                 
         1: invokespecial #1                  // Method java/lang/Object."<init>":()V
         4: new           #7                  // class java/lang/AssertionError
         7: dup                     
         8: ldc           #9                  // String No java.util.Objects instances for you!
        10: invokespecial #11                 // Method java/lang/AssertionError."<init>":(Ljava/lang/Object;)V
        13: athrow                  
      LineNumberTable:
        line 43: 0
        line 44: 4
      LocalVariableTable:
       Start   Length  Slot  Name   Signature
           0       14     0  this   Ljava/util/Objects;
  
  public static boolean equals(java.lang.Object, java.lang.Object);
    descriptor: (Ljava/lang/Object;Ljava/lang/Object;)Z
    flags: (0x0009) ACC_PUBLIC, ACC_STATIC
    Code: 
      stack=2, locals=2, args_size=2
         0: aload_0                 
         1: aload_1                 
         2: if_acmpeq     17                
         5: aload_0                 
         6: ifnull        21                
         9: aload_0                 
        10: aload_1                 
        11: invokevirtual #14                 // Method java/lang/Object.equals:(Ljava/lang/Object;)Z
        14: ifeq          21                
        17: iconst_1                
        18: goto          22                
        21: iconst_0                
        22: ireturn                 
      LineNumberTable:
        line 62: 0
      LocalVariableTable:
       Start   Length  Slot  Name   Signature
           0       23     0  a      Ljava/lang/Object;
           0       23     1  b      Ljava/lang/Object;
      StackMapTable: number_of_entries = 3
        frame_type = 17 /* same */
        frame_type = 3 /* same */
        frame_type = 64 /* same_locals_1_stack_item */
          stack = [ int ]
  
  public static boolean deepEquals(java.lang.Object, java.lang.Object);
    descriptor: (Ljava/lang/Object;Ljava/lang/Object;)Z
    flags: (0x0009) ACC_PUBLIC, ACC_STATIC
    Code: 
      stack=2, locals=2, args_size=2
         0: aload_0                 
         1: aload_1                 
         2: if_acmpne     7                 
         5: iconst_1                
         6: ireturn                 
         7: aload_0                 
         8: ifnull        15                
        11: aload_1                 
        12: ifnonnull     17                
        15: iconst_0                
        16: ireturn                 
        17: aload_0                 
        18: aload_1                 
        19: invokestatic  #18                 // Method java/util/Arrays.deepEquals0:(Ljava/lang/Object;Ljava/lang/Object;)Z
        22: ireturn                 
      LineNumberTable:
        line 81: 0
        line 82: 5
        line 83: 7
        line 84: 15
        line 86: 17
      LocalVariableTable:
       Start   Length  Slot  Name   Signature
           0       23     0  a      Ljava/lang/Object;
           0       23     1  b      Ljava/lang/Object;
      StackMapTable: number_of_entries = 3
        frame_type = 7 /* same */
        frame_type = 7 /* same */
        frame_type = 1 /* same */
  
  public static int hashCode(java.lang.Object);
    descriptor: (Ljava/lang/Object;)I
    flags: (0x0009) ACC_PUBLIC, ACC_STATIC
    Code: 
      stack=1, locals=1, args_size=1
         0: aload_0                 
         1: ifnull        11                
         4: aload_0                 
         5: invokevirtual #24                 // Method java/lang/Object.hashCode:()I
         8: goto          12                
        11: iconst_0                
        12: ireturn                 
      LineNumberTable:
        line 97: 0
      LocalVariableTable:
       Start   Length  Slot  Name   Signature
           0       13     0  o      Ljava/lang/Object;
      StackMapTable: number_of_entries = 2
        frame_type = 11 /* same */
        frame_type = 64 /* same_locals_1_stack_item */
          stack = [ int ]
  
  public static int hash(java.lang.Object...);
    descriptor: ([Ljava/lang/Object;)I
    flags: (0x0089) ACC_PUBLIC, ACC_STATIC, ACC_VARARGS
    Code: 
      stack=1, locals=1, args_size=1
         0: aload_0                 
         1: invokestatic  #28                 // Method java/util/Arrays.hashCode:([Ljava/lang/Object;)I
         4: ireturn                 
      LineNumberTable:
        line 126: 0
      LocalVariableTable:
       Start   Length  Slot  Name   Signature
           0        5     0  values [Ljava/lang/Object;
  
  public static java.lang.String toString(java.lang.Object);
    descriptor: (Ljava/lang/Object;)Ljava/lang/String;
    flags: (0x0009) ACC_PUBLIC, ACC_STATIC
    Code: 
      stack=1, locals=1, args_size=1
         0: aload_0                 
         1: invokestatic  #31                 // Method java/lang/String.valueOf:(Ljava/lang/Object;)Ljava/lang/String;
         4: areturn                 
      LineNumberTable:
        line 139: 0
      LocalVariableTable:
       Start   Length  Slot  Name   Signature
           0        5     0  o      Ljava/lang/Object;
  
  public static java.lang.String toString(java.lang.Object, java.lang.String);
    descriptor: (Ljava/lang/Object;Ljava/lang/String;)Ljava/lang/String;
    flags: (0x0009) ACC_PUBLIC, ACC_STATIC
    Code: 
      stack=1, locals=2, args_size=2
         0: aload_0                 
         1: ifnull        11                
         4: aload_0                 
         5: invokevirtual #37                 // Method java/lang/Object.toString:()Ljava/lang/String;
         8: goto          12                
        11: aload_1                 
        12: areturn                 
      LineNumberTable:
        line 153: 0
      LocalVariableTable:
       Start   Length  Slot  Name   Signature
           0       13     0  o      Ljava/lang/Object;
           0       13     1  nullDefault Ljava/lang/String;
      StackMapTable: number_of_entries = 2
        frame_type = 11 /* same */
        frame_type = 64 /* same_locals_1_stack_item */
          stack = [ class java/lang/String ]
  
  public static java.lang.String toIdentityString(java.lang.Object);
    descriptor: (Ljava/lang/Object;)Ljava/lang/String;
    flags: (0x0009) ACC_PUBLIC, ACC_STATIC
    Code: 
      stack=2, locals=1, args_size=1
         0: aload_0                 
         1: invokestatic  #41                 // Method requireNonNull:(Ljava/lang/Object;)Ljava/lang/Object;
         4: pop                     
         5: new           #47                 // class java/lang/StringBuilder
         8: dup                     
         9: invokespecial #49                 // Method java/lang/StringBuilder."<init>":()V
        12: aload_0                 
        13: invokevirtual #50                 // Method java/lang/Object.getClass:()Ljava/lang/Class;
        16: invokevirtual #54                 // Method java/lang/Class.getName:()Ljava/lang/String;
        19: invokevirtual #59                 // Method java/lang/StringBuilder.append:(Ljava/lang/String;)Ljava/lang/StringBuilder;
        22: ldc           #63                 // String @
        24: invokevirtual #59                 // Method java/lang/StringBuilder.append:(Ljava/lang/String;)Ljava/lang/StringBuilder;
        27: aload_0                 
        28: invokestatic  #65                 // Method java/lang/System.identityHashCode:(Ljava/lang/Object;)I
        31: invokestatic  #71                 // Method java/lang/Integer.toHexString:(I)Ljava/lang/String;
        34: invokevirtual #59                 // Method java/lang/StringBuilder.append:(Ljava/lang/String;)Ljava/lang/StringBuilder;
        37: invokevirtual #77                 // Method java/lang/StringBuilder.toString:()Ljava/lang/String;
        40: areturn                 
      LineNumberTable:
        line 176: 0
        line 177: 5
      LocalVariableTable:
       Start   Length  Slot  Name   Signature
           0       41     0  o      Ljava/lang/Object;
  
  public static <T extends java.lang.Object> int compare(T, T, java.util.Comparator<? super T>);
    descriptor: (Ljava/lang/Object;Ljava/lang/Object;Ljava/util/Comparator;)I
    flags: (0x0009) ACC_PUBLIC, ACC_STATIC
    Code: 
      stack=3, locals=3, args_size=3
         0: aload_0                 
         1: aload_1                 
         2: if_acmpne     9                 
         5: iconst_0                
         6: goto          17                
         9: aload_2                 
        10: aload_0                 
        11: aload_1                 
        12: invokeinterface #78, 3              // InterfaceMethod java/util/Comparator.compare:(Ljava/lang/Object;Ljava/lang/Object;)I
        17: ireturn                 
      LineNumberTable:
        line 199: 0
      LocalVariableTable:
       Start   Length  Slot  Name   Signature
           0       18     0  a      Ljava/lang/Object;
           0       18     1  b      Ljava/lang/Object;
           0       18     2  c      Ljava/util/Comparator;
      LocalVariableTypeTable:
         Start   Length  Slot  Name   Signature
             0       18     0  a      TT;
             0       18     1  b      TT;
             0       18     2  c      Ljava/util/Comparator<-TT;>;
      StackMapTable: number_of_entries = 2
        frame_type = 9 /* same */
        frame_type = 71 /* same_locals_1_stack_item */
          stack = [ int ]
    Signature: #151                        // <T:Ljava/lang/Object;>(TT;TT;Ljava/util/Comparator<-TT;>;)I
  
  public static <T extends java.lang.Object> T requireNonNull(T);
    descriptor: (Ljava/lang/Object;)Ljava/lang/Object;
    flags: (0x0009) ACC_PUBLIC, ACC_STATIC
    Code: 
      stack=2, locals=1, args_size=1
         0: aload_0                 
         1: ifnonnull     12                
         4: new           #84                 // class java/lang/NullPointerException
         7: dup                     
         8: invokespecial #86                 // Method java/lang/NullPointerException."<init>":()V
        11: athrow                  
        12: aload_0                 
        13: areturn                 
      LineNumberTable:
        line 219: 0
        line 220: 4
        line 221: 12
      LocalVariableTable:
       Start   Length  Slot  Name   Signature
           0       14     0  obj    Ljava/lang/Object;
      LocalVariableTypeTable:
         Start   Length  Slot  Name   Signature
             0       14     0  obj    TT;
      StackMapTable: number_of_entries = 1
        frame_type = 12 /* same */
    Signature: #153                        // <T:Ljava/lang/Object;>(TT;)TT;
    RuntimeVisibleAnnotations:
      0: #155()
        jdk.internal.vm.annotation.ForceInline
  
  public static <T extends java.lang.Object> T requireNonNull(T, java.lang.String);
    descriptor: (Ljava/lang/Object;Ljava/lang/String;)Ljava/lang/Object;
    flags: (0x0009) ACC_PUBLIC, ACC_STATIC
    Code: 
      stack=3, locals=2, args_size=2
         0: aload_0                 
         1: ifnonnull     13                
         4: new           #84                 // class java/lang/NullPointerException
         7: dup                     
         8: aload_1                 
         9: invokespecial #87                 // Method java/lang/NullPointerException."<init>":(Ljava/lang/String;)V
        12: athrow                  
        13: aload_0                 
        14: areturn                 
      LineNumberTable:
        line 245: 0
        line 246: 4
        line 247: 13
      LocalVariableTable:
       Start   Length  Slot  Name   Signature
           0       15     0  obj    Ljava/lang/Object;
           0       15     1  message Ljava/lang/String;
      LocalVariableTypeTable:
         Start   Length  Slot  Name   Signature
             0       15     0  obj    TT;
      StackMapTable: number_of_entries = 1
        frame_type = 13 /* same */
    Signature: #157                        // <T:Ljava/lang/Object;>(TT;Ljava/lang/String;)TT;
    RuntimeVisibleAnnotations:
      0: #155()
        jdk.internal.vm.annotation.ForceInline
  
  public static boolean isNull(java.lang.Object);
    descriptor: (Ljava/lang/Object;)Z
    flags: (0x0009) ACC_PUBLIC, ACC_STATIC
    Code: 
      stack=1, locals=1, args_size=1
         0: aload_0                 
         1: ifnonnull     8                 
         4: iconst_1                
         5: goto          9                 
         8: iconst_0                
         9: ireturn                 
      LineNumberTable:
        line 263: 0
      LocalVariableTable:
       Start   Length  Slot  Name   Signature
           0       10     0  obj    Ljava/lang/Object;
      StackMapTable: number_of_entries = 2
        frame_type = 8 /* same */
        frame_type = 64 /* same_locals_1_stack_item */
          stack = [ int ]
  
  public static boolean nonNull(java.lang.Object);
    descriptor: (Ljava/lang/Object;)Z
    flags: (0x0009) ACC_PUBLIC, ACC_STATIC
    Code: 
      stack=1, locals=1, args_size=1
         0: aload_0                 
         1: ifnull        8                 
         4: iconst_1                
         5: goto          9                 
         8: iconst_0                
         9: ireturn                 
      LineNumberTable:
        line 279: 0
      LocalVariableTable:
       Start   Length  Slot  Name   Signature
           0       10     0  obj    Ljava/lang/Object;
      StackMapTable: number_of_entries = 2
        frame_type = 8 /* same */
        frame_type = 64 /* same_locals_1_stack_item */
          stack = [ int ]
  
  public static <T extends java.lang.Object> T requireNonNullElse(T, T);
    descriptor: (Ljava/lang/Object;Ljava/lang/Object;)Ljava/lang/Object;
    flags: (0x0009) ACC_PUBLIC, ACC_STATIC
    Code: 
      stack=2, locals=2, args_size=2
         0: aload_0                 
         1: ifnull        8                 
         4: aload_0                 
         5: goto          14                
         8: aload_1                 
         9: ldc           #90                 // String defaultObj
        11: invokestatic  #92                 // Method requireNonNull:(Ljava/lang/Object;Ljava/lang/String;)Ljava/lang/Object;
        14: areturn                 
      LineNumberTable:
        line 295: 0
      LocalVariableTable:
       Start   Length  Slot  Name   Signature
           0       15     0  obj    Ljava/lang/Object;
           0       15     1  defaultObj Ljava/lang/Object;
      LocalVariableTypeTable:
         Start   Length  Slot  Name   Signature
             0       15     0  obj    TT;
             0       15     1  defaultObj   TT;
      StackMapTable: number_of_entries = 2
        frame_type = 8 /* same */
        frame_type = 69 /* same_locals_1_stack_item */
          stack = [ class java/lang/Object ]
    Signature: #162                        // <T:Ljava/lang/Object;>(TT;TT;)TT;
  
  public static <T extends java.lang.Object> T requireNonNullElseGet(T, java.util.function.Supplier<? extends T>);
    descriptor: (Ljava/lang/Object;Ljava/util/function/Supplier;)Ljava/lang/Object;
    flags: (0x0009) ACC_PUBLIC, ACC_STATIC
    Code: 
      stack=2, locals=2, args_size=2
         0: aload_0                 
         1: ifnull        8                 
         4: aload_0                 
         5: goto          27                
         8: aload_1                 
         9: ldc           #95                 // String supplier
        11: invokestatic  #92                 // Method requireNonNull:(Ljava/lang/Object;Ljava/lang/String;)Ljava/lang/Object;
        14: checkcast     #97                 // class java/util/function/Supplier
        17: invokeinterface #99, 1              // InterfaceMethod java/util/function/Supplier.get:()Ljava/lang/Object;
        22: ldc           #103                // String supplier.get()
        24: invokestatic  #92                 // Method requireNonNull:(Ljava/lang/Object;Ljava/lang/String;)Ljava/lang/Object;
        27: areturn                 
      LineNumberTable:
        line 313: 0
        line 314: 8
        line 313: 27
      LocalVariableTable:
       Start   Length  Slot  Name   Signature
           0       28     0  obj    Ljava/lang/Object;
           0       28     1  supplier Ljava/util/function/Supplier;
      LocalVariableTypeTable:
         Start   Length  Slot  Name   Signature
             0       28     0  obj    TT;
             0       28     1  supplier   Ljava/util/function/Supplier<+TT;>;
      StackMapTable: number_of_entries = 2
        frame_type = 8 /* same */
        frame_type = 82 /* same_locals_1_stack_item */
          stack = [ class java/lang/Object ]
    Signature: #167                        // <T:Ljava/lang/Object;>(TT;Ljava/util/function/Supplier<+TT;>;)TT;
  
  public static <T extends java.lang.Object> T requireNonNull(T, java.util.function.Supplier<java.lang.String>);
    descriptor: (Ljava/lang/Object;Ljava/util/function/Supplier;)Ljava/lang/Object;
    flags: (0x0009) ACC_PUBLIC, ACC_STATIC
    Code: 
      stack=3, locals=2, args_size=2
         0: aload_0                 
         1: ifnonnull     29                
         4: new           #84                 // class java/lang/NullPointerException
         7: dup                     
         8: aload_1                 
         9: ifnonnull     16                
        12: aconst_null             
        13: goto          25                
        16: aload_1                 
        17: invokeinterface #99, 1              // InterfaceMethod java/util/function/Supplier.get:()Ljava/lang/Object;
        22: checkcast     #32                 // class java/lang/String
        25: invokespecial #87                 // Method java/lang/NullPointerException."<init>":(Ljava/lang/String;)V
        28: athrow                  
        29: aload_0                 
        30: areturn                 
      LineNumberTable:
        line 338: 0
        line 339: 4
        line 340: 12
        line 341: 29
      LocalVariableTable:
       Start   Length  Slot  Name   Signature
           0       31     0  obj    Ljava/lang/Object;
           0       31     1  messageSupplier Ljava/util/function/Supplier;
      LocalVariableTypeTable:
         Start   Length  Slot  Name   Signature
             0       31     0  obj    TT;
             0       31     1  messageSupplier   Ljava/util/function/Supplier<Ljava/lang/String;>;
      StackMapTable: number_of_entries = 3
        frame_type = 255 /* full_frame */
          offset_delta = 16
          locals = [class java/lang/Object, class java/util/function/Supplier]
          stack = [uninitialized 4, uninitialized 4]
        frame_type = 255 /* full_frame */
          offset_delta = 8
          locals = [class java/lang/Object, class java/util/function/Supplier]
          stack = [uninitialized 4, uninitialized 4, class java/lang/String]
        frame_type = 3 /* same */
    Signature: #170                        // <T:Ljava/lang/Object;>(TT;Ljava/util/function/Supplier<Ljava/lang/String;>;)TT;
  
  public static int checkIndex(int, int);
    descriptor: (II)I
    flags: (0x0009) ACC_PUBLIC, ACC_STATIC
    Code: 
      stack=3, locals=2, args_size=2
         0: iload_0                 
         1: iload_1                 
         2: aconst_null             
         3: invokestatic  #105                // Method jdk/internal/util/Preconditions.checkIndex:(IILjava/util/function/BiFunction;)I
         6: ireturn                 
      LineNumberTable:
        line 365: 0
      LocalVariableTable:
       Start   Length  Slot  Name   Signature
           0        7     0  index  I
           0        7     1  length I
    RuntimeVisibleAnnotations:
      0: #155()
        jdk.internal.vm.annotation.ForceInline
  
  public static int checkFromToIndex(int, int, int);
    descriptor: (III)I
    flags: (0x0009) ACC_PUBLIC, ACC_STATIC
    Code: 
      stack=4, locals=3, args_size=3
         0: iload_0                 
         1: iload_1                 
         2: iload_2                 
         3: aconst_null             
         4: invokestatic  #111                // Method jdk/internal/util/Preconditions.checkFromToIndex:(IIILjava/util/function/BiFunction;)I
         7: ireturn                 
      LineNumberTable:
        line 391: 0
      LocalVariableTable:
       Start   Length  Slot  Name   Signature
           0        8     0  fromIndex I
           0        8     1  toIndex I
           0        8     2  length I
  
  public static int checkFromIndexSize(int, int, int);
    descriptor: (III)I
    flags: (0x0009) ACC_PUBLIC, ACC_STATIC
    Code: 
      stack=4, locals=3, args_size=3
         0: iload_0                 
         1: iload_1                 
         2: iload_2                 
         3: aconst_null             
         4: invokestatic  #115                // Method jdk/internal/util/Preconditions.checkFromIndexSize:(IIILjava/util/function/BiFunction;)I
         7: ireturn                 
      LineNumberTable:
        line 417: 0
      LocalVariableTable:
       Start   Length  Slot  Name   Signature
           0        8     0  fromIndex I
           0        8     1  size   I
           0        8     2  length I
  
  public static long checkIndex(long, long);
    descriptor: (JJ)J
    flags: (0x0009) ACC_PUBLIC, ACC_STATIC
    Code: 
      stack=5, locals=4, args_size=2
         0: lload_0                 
         1: lload_2                 
         2: aconst_null             
         3: invokestatic  #118                // Method jdk/internal/util/Preconditions.checkIndex:(JJLjava/util/function/BiFunction;)J
         6: lreturn                 
      LineNumberTable:
        line 441: 0
      LocalVariableTable:
       Start   Length  Slot  Name   Signature
           0        7     0  index  J
           0        7     2  length J
    RuntimeVisibleAnnotations:
      0: #155()
        jdk.internal.vm.annotation.ForceInline
  
  public static long checkFromToIndex(long, long, long);
    descriptor: (JJJ)J
    flags: (0x0009) ACC_PUBLIC, ACC_STATIC
    Code: 
      stack=7, locals=6, args_size=3
         0: lload_0                 
         1: lload_2                 
         2: lload         4                 
         4: aconst_null             
         5: invokestatic  #121                // Method jdk/internal/util/Preconditions.checkFromToIndex:(JJJLjava/util/function/BiFunction;)J
         8: lreturn                 
      LineNumberTable:
        line 467: 0
      LocalVariableTable:
       Start   Length  Slot  Name   Signature
           0        9     0  fromIndex J
           0        9     2  toIndex J
           0        9     4  length J
  
  public static long checkFromIndexSize(long, long, long);
    descriptor: (JJJ)J
    flags: (0x0009) ACC_PUBLIC, ACC_STATIC
    Code: 
      stack=7, locals=6, args_size=3
         0: lload_0                 
         1: lload_2                 
         2: lload         4                 
         4: aconst_null             
         5: invokestatic  #124                // Method jdk/internal/util/Preconditions.checkFromIndexSize:(JJJLjava/util/function/BiFunction;)J
         8: lreturn                 
      LineNumberTable:
        line 493: 0
      LocalVariableTable:
       Start   Length  Slot  Name   Signature
           0        9     0  fromIndex J
           0        9     2  size   J
           0        9     4  length J
}
SourceFile: "Objects.java"
