---
source: jclass/src/lib.rs
expression: display
---
public abstract class java.io.OutputStream implements java.io.Closeable, java.io.Flushable
  minor version: 0
  major version: 68
  flags: (0x0421) ACC_PUBLIC, ACC_SUPER, ACC_ABSTRACT
  this_class: #11                      //java/io/OutputStream
  super_class: #2                      //java/lang/Object
  interfaces: 2, fields: 0, methods: 7, attributes: 3
Constant pool:
   #1 = Methodref          #2.#3            // java/lang/Object."<init>":()V
   #2 = Class              #4               // java/lang/Object
   #3 = NameAndType        #5:#6            // "<init>":()V
   #4 = Utf8               java/lang/Object
   #5 = Utf8               <init>
   #6 = Utf8               ()V
   #7 = Class              #8               // java/io/OutputStream$1
   #8 = Utf8               java/io/OutputStream$1
   #9 = Methodref          #7.#3            // java/io/OutputStream$1."<init>":()V
  #10 = Methodref          #11.#12          // java/io/OutputStream.write:([BII)V
  #11 = Class              #13              // java/io/OutputStream
  #12 = NameAndType        #14:#15          // write:([BII)V
  #13 = Utf8               java/io/OutputStream
  #14 = Utf8               write
  #15 = Utf8               ([BII)V
  #16 = Methodref          #17.#18          // java/util/Objects.checkFromIndexSize:(III)I
  #17 = Class              #19              // java/util/Objects
  #18 = NameAndType        #20:#21          // checkFromIndexSize:(III)I
  #19 = Utf8               java/util/Objects
  #20 = Utf8               checkFromIndexSize
  #21 = Utf8               (III)I
  #22 = Methodref          #11.#23          // java/io/OutputStream.write:(I)V
  #23 = NameAndType        #14:#24          // write:(I)V
  #24 = Utf8               (I)V
  #25 = Class              #26              // java/io/Closeable
  #26 = Utf8               java/io/Closeable
  #27 = Class              #28              // java/io/Flushable
  #28 = Utf8               java/io/Flushable
  #29 = Utf8               Code
  #30 = Utf8               LineNumberTable
  #31 = Utf8               LocalVariableTable
  #32 = Utf8               this
  #33 = Utf8               Ljava/io/OutputStream;
  #34 = Utf8               nullOutputStream
  #35 = Utf8               ()Ljava/io/OutputStream;
  #36 = Utf8               Exceptions
  #37 = Class              #38              // java/io/IOException
  #38 = Utf8               java/io/IOException
  #39 = Utf8               ([B)V
  #40 = Utf8               b
  #41 = Utf8               [B
  #42 = Utf8               i
  #43 = Utf8               I
  #44 = Utf8               off
  #45 = Utf8               len
  #46 = Utf8               StackMapTable
  #47 = Utf8               flush
  #48 = Utf8               close
  #49 = Utf8               SourceFile
  #50 = Utf8               OutputStream.java
  #51 = Utf8               NestMembers
  #52 = Utf8               InnerClasses
{
  public java.io.OutputStream();
    descriptor: ()V
    flags: (0x0001) ACC_PUBLIC
    Code: 
      stack=1, locals=1, args_size=1
         0: aload_0                 
         1: invokespecial #1                  // Method java/lang/Object."<init>":()V
         4: return                  
      LineNumberTable:
        line 52: 0
      LocalVariableTable:
       Start   Length  Slot  Name   Signature
           0        5     0  this   Ljava/io/OutputStream;
  
  public static java.io.OutputStream nullOutputStream();
    descriptor: ()Ljava/io/OutputStream;
    flags: (0x0009) ACC_PUBLIC, ACC_STATIC
    Code: 
      stack=2, locals=0, args_size=0
         0: new           #7                  // class java/io/OutputStream$1
         3: dup                     
         4: invokespecial #9                  // Method java/io/OutputStream$1."<init>":()V
         7: areturn                 
      LineNumberTable:
        line 72: 0
  
  public abstract void write(int) throws java.io.IOException;
    descriptor: (I)V
    flags: (0x0401) ACC_PUBLIC, ACC_ABSTRACT
    Exceptions:
      throws java.io.IOException
  
  public void write(byte[]) throws java.io.IOException;
    descriptor: ([B)V
    flags: (0x0001) ACC_PUBLIC
    Code: 
      stack=4, locals=2, args_size=2
         0: aload_0                 
         1: aload_1                 
         2: iconst_0                
         3: aload_1                 
         4: arraylength             
         5: invokevirtual #10                 // Method write:([BII)V
         8: return                  
      LineNumberTable:
        line 124: 0
        line 125: 8
      LocalVariableTable:
       Start   Length  Slot  Name   Signature
           0        9     0  this   Ljava/io/OutputStream;
           0        9     1  b      [B
    Exceptions:
      throws java.io.IOException
  
  public void write(byte[], int, int) throws java.io.IOException;
    descriptor: ([BII)V
    flags: (0x0001) ACC_PUBLIC
    Code: 
      stack=4, locals=5, args_size=4
         0: iload_2                 
         1: iload_3                 
         2: aload_1                 
         3: arraylength             
         4: invokestatic  #16                 // Method java/util/Objects.checkFromIndexSize:(III)I
         7: pop                     
         8: iconst_0                
         9: istore        4                 
        11: iload         4                 
        13: iload_3                 
        14: if_icmpge     33                
        17: aload_0                 
        18: aload_1                 
        19: iload_2                 
        20: iload         4                 
        22: iadd                    
        23: baload                  
        24: invokevirtual #22                 // Method write:(I)V
        27: iinc          4, 1              
        30: goto          11                
        33: return                  
      LineNumberTable:
        line 164: 0
        line 166: 8
        line 167: 17
        line 166: 27
        line 169: 33
      LocalVariableTable:
       Start   Length  Slot  Name   Signature
          11       22     4  i      I
           0       34     0  this   Ljava/io/OutputStream;
           0       34     1  b      [B
           0       34     2  off    I
           0       34     3  len    I
      StackMapTable: number_of_entries = 2
        frame_type = 252 /* append */
          offset_delta = 11
          locals = [int]
        frame_type = 250 /* chop */
          offset_delta = 21
    Exceptions:
      throws java.io.IOException
  
  public void flush() throws java.io.IOException;
    descriptor: ()V
    flags: (0x0001) ACC_PUBLIC
    Code: 
      stack=0, locals=1, args_size=1
         0: return                  
      LineNumberTable:
        line 191: 0
      LocalVariableTable:
       Start   Length  Slot  Name   Signature
           0        1     0  this   Ljava/io/OutputStream;
    Exceptions:
      throws java.io.IOException
  
  public void close() throws java.io.IOException;
    descriptor: ()V
    flags: (0x0001) ACC_PUBLIC
    Code: 
      stack=0, locals=1, args_size=1
         0: return                  
      LineNumberTable:
        line 205: 0
      LocalVariableTable:
       Start   Length  Slot  Name   Signature
           0        1     0  this   Ljava/io/OutputStream;
    Exceptions:
      throws java.io.IOException
}
SourceFile: "OutputStream.java"
NestMembers:
  java/io/OutputStream$1
InnerClasses:
  #7;                                         // class java/io/OutputStream$1
