---
source: jclass/src/lib.rs
expression: display
---
class java.lang.System$Out extends java.io.FileOutputStream
  minor version: 0
  major version: 68
  flags: (0x0020) ACC_SUPER
  this_class: #27                      //java/lang/System$Out
  super_class: #2                      //java/io/FileOutputStream
  interfaces: 0, fields: 0, methods: 4, attributes: 3
Constant pool:
   #1 = Methodref          #2.#3            // java/io/FileOutputStream."<init>":(Ljava/io/FileDescriptor;)V
   #2 = Class              #4               // java/io/FileOutputStream
   #3 = NameAndType        #5:#6            // "<init>":(Ljava/io/FileDescriptor;)V
   #4 = Utf8               java/io/FileOutputStream
   #5 = Utf8               <init>
   #6 = Utf8               (Ljava/io/FileDescriptor;)V
   #7 = Methodref          #8.#9            // jdk/internal/misc/Blocker.begin:()Z
   #8 = Class              #10              // jdk/internal/misc/Blocker
   #9 = NameAndType        #11:#12          // begin:()Z
  #10 = Utf8               jdk/internal/misc/Blocker
  #11 = Utf8               begin
  #12 = Utf8               ()Z
  #13 = Methodref          #2.#14           // java/io/FileOutputStream.write:(I)V
  #14 = NameAndType        #15:#16          // write:(I)V
  #15 = Utf8               write
  #16 = Utf8               (I)V
  #17 = Methodref          #8.#18           // jdk/internal/misc/Blocker.end:(Z)V
  #18 = NameAndType        #19:#20          // end:(Z)V
  #19 = Utf8               end
  #20 = Utf8               (Z)V
  #21 = Methodref          #2.#22           // java/io/FileOutputStream.write:([B)V
  #22 = NameAndType        #15:#23          // write:([B)V
  #23 = Utf8               ([B)V
  #24 = Methodref          #2.#25           // java/io/FileOutputStream.write:([BII)V
  #25 = NameAndType        #15:#26          // write:([BII)V
  #26 = Utf8               ([BII)V
  #27 = Class              #28              // java/lang/System$Out
  #28 = Utf8               java/lang/System$Out
  #29 = Utf8               Code
  #30 = Utf8               LineNumberTable
  #31 = Utf8               LocalVariableTable
  #32 = Utf8               this
  #33 = Utf8               Ljava/lang/System$Out;
  #34 = Utf8               fd
  #35 = Utf8               Ljava/io/FileDescriptor;
  #36 = Utf8               b
  #37 = Utf8               I
  #38 = Utf8               attempted
  #39 = Utf8               Z
  #40 = Utf8               StackMapTable
  #41 = Class              #42              // java/lang/Throwable
  #42 = Utf8               java/lang/Throwable
  #43 = Utf8               Exceptions
  #44 = Class              #45              // java/io/IOException
  #45 = Utf8               java/io/IOException
  #46 = Utf8               [B
  #47 = Class              #46              // "[B"
  #48 = Utf8               off
  #49 = Utf8               len
  #50 = Utf8               SourceFile
  #51 = Utf8               System.java
  #52 = Utf8               NestHost
  #53 = Class              #54              // java/lang/System
  #54 = Utf8               java/lang/System
  #55 = Utf8               InnerClasses
  #56 = Utf8               Out
{
  java.lang.System$Out(java.io.FileDescriptor);
    descriptor: (Ljava/io/FileDescriptor;)V
    flags: (0x0000) 
    Code: 
      stack=2, locals=2, args_size=2
         0: aload_0                 
         1: aload_1                 
         2: invokespecial #1                  // Method java/io/FileOutputStream."<init>":(Ljava/io/FileDescriptor;)V
         5: return                  
      LineNumberTable:
        line 1861: 0
        line 1862: 5
      LocalVariableTable:
       Start   Length  Slot  Name   Signature
           0        6     0  this   Ljava/lang/System$Out;
           0        6     1  fd     Ljava/io/FileDescriptor;
  
  public void write(int) throws java.io.IOException;
    descriptor: (I)V
    flags: (0x0001) ACC_PUBLIC
    Code: 
      stack=2, locals=4, args_size=2
         0: invokestatic  #7                  // Method jdk/internal/misc/Blocker.begin:()Z
         3: istore_2                
         4: aload_0                 
         5: iload_1                 
         6: invokespecial #13                 // Method java/io/FileOutputStream.write:(I)V
         9: iload_2                 
        10: invokestatic  #17                 // Method jdk/internal/misc/Blocker.end:(Z)V
        13: goto          23                
        16: astore_3                
        17: iload_2                 
        18: invokestatic  #17                 // Method jdk/internal/misc/Blocker.end:(Z)V
        21: aload_3                 
        22: athrow                  
        23: return                  
      Exception table:
          from       to target type
             4        9    16  any
      LineNumberTable:
        line 1866: 0
        line 1868: 4
        line 1870: 9
        line 1871: 13
        line 1870: 16
        line 1871: 21
        line 1872: 23
      LocalVariableTable:
       Start   Length  Slot  Name   Signature
           0       24     0  this   Ljava/lang/System$Out;
           0       24     1  b      I
           4       20     2  attempted Z
      StackMapTable: number_of_entries = 2
        frame_type = 255 /* full_frame */
          offset_delta = 16
          locals = [class java/lang/System$Out, int, int]
          stack = [class java/lang/Throwable]
        frame_type = 6 /* same */
    Exceptions:
      throws java.io.IOException
  
  public void write(byte[]) throws java.io.IOException;
    descriptor: ([B)V
    flags: (0x0001) ACC_PUBLIC
    Code: 
      stack=2, locals=4, args_size=2
         0: invokestatic  #7                  // Method jdk/internal/misc/Blocker.begin:()Z
         3: istore_2                
         4: aload_0                 
         5: aload_1                 
         6: invokespecial #21                 // Method java/io/FileOutputStream.write:([B)V
         9: iload_2                 
        10: invokestatic  #17                 // Method jdk/internal/misc/Blocker.end:(Z)V
        13: goto          23                
        16: astore_3                
        17: iload_2                 
        18: invokestatic  #17                 // Method jdk/internal/misc/Blocker.end:(Z)V
        21: aload_3                 
        22: athrow                  
        23: return                  
      Exception table:
          from       to target type
             4        9    16  any
      LineNumberTable:
        line 1876: 0
        line 1878: 4
        line 1880: 9
        line 1881: 13
        line 1880: 16
        line 1881: 21
        line 1882: 23
      LocalVariableTable:
       Start   Length  Slot  Name   Signature
           0       24     0  this   Ljava/lang/System$Out;
           0       24     1  b      [B
           4       20     2  attempted Z
      StackMapTable: number_of_entries = 2
        frame_type = 255 /* full_frame */
          offset_delta = 16
          locals = [class java/lang/System$Out, class "[B", int]
          stack = [class java/lang/Throwable]
        frame_type = 6 /* same */
    Exceptions:
      throws java.io.IOException
  
  public void write(byte[], int, int) throws java.io.IOException;
    descriptor: ([BII)V
    flags: (0x0001) ACC_PUBLIC
    Code: 
      stack=4, locals=6, args_size=4
         0: invokestatic  #7                  // Method jdk/internal/misc/Blocker.begin:()Z
         3: istore        4                 
         5: aload_0                 
         6: aload_1                 
         7: iload_2                 
         8: iload_3                 
         9: invokespecial #24                 // Method java/io/FileOutputStream.write:([BII)V
        12: iload         4                 
        14: invokestatic  #17                 // Method jdk/internal/misc/Blocker.end:(Z)V
        17: goto          30                
        20: astore        5                 
        22: iload         4                 
        24: invokestatic  #17                 // Method jdk/internal/misc/Blocker.end:(Z)V
        27: aload         5                 
        29: athrow                  
        30: return                  
      Exception table:
          from       to target type
             5       12    20  any
            20       22    20  any
      LineNumberTable:
        line 1886: 0
        line 1888: 5
        line 1890: 12
        line 1891: 17
        line 1890: 20
        line 1891: 27
        line 1892: 30
      LocalVariableTable:
       Start   Length  Slot  Name   Signature
           0       31     0  this   Ljava/lang/System$Out;
           0       31     1  b      [B
           0       31     2  off    I
           0       31     3  len    I
           5       26     4  attempted Z
      StackMapTable: number_of_entries = 2
        frame_type = 255 /* full_frame */
          offset_delta = 20
          locals = [class java/lang/System$Out, class "[B", int, int, int]
          stack = [class java/lang/Throwable]
        frame_type = 9 /* same */
    Exceptions:
      throws java.io.IOException
}
SourceFile: "System.java"
NestHost: class java/lang/System
InnerClasses:
  private static #56= #27 of #53;             // Out=class java/lang/System$Out of class java/lang/System
