---
source: jclass/src/lib.rs
expression: display
---
public abstract class java.util.Dictionary <K extends java.lang.Object, V extends java.lang.Object> extends java.lang.Object
  minor version: 0
  major version: 68
  flags: (0x0421) ACC_PUBLIC, ACC_SUPER, ACC_ABSTRACT
  this_class: #7                       //java/util/Dictionary
  super_class: #2                      //java/lang/Object
  interfaces: 0, fields: 0, methods: 8, attributes: 2
Constant pool:
   #1 = Methodref          #2.#3            // java/lang/Object."<init>":()V
   #2 = Class              #4               // java/lang/Object
   #3 = NameAndType        #5:#6            // "<init>":()V
   #4 = Utf8               java/lang/Object
   #5 = Utf8               <init>
   #6 = Utf8               ()V
   #7 = Class              #8               // java/util/Dictionary
   #8 = Utf8               java/util/Dictionary
   #9 = Utf8               Code
  #10 = Utf8               LineNumberTable
  #11 = Utf8               LocalVariableTable
  #12 = Utf8               this
  #13 = Utf8               Ljava/util/Dictionary;
  #14 = Utf8               LocalVariableTypeTable
  #15 = Utf8               Ljava/util/Dictionary<TK;TV;>;
  #16 = Utf8               size
  #17 = Utf8               ()I
  #18 = Utf8               isEmpty
  #19 = Utf8               ()Z
  #20 = Utf8               keys
  #21 = Utf8               ()Ljava/util/Enumeration;
  #22 = Utf8               Signature
  #23 = Utf8               ()Ljava/util/Enumeration<TK;>;
  #24 = Utf8               elements
  #25 = Utf8               ()Ljava/util/Enumeration<TV;>;
  #26 = Utf8               get
  #27 = Utf8               (Ljava/lang/Object;)Ljava/lang/Object;
  #28 = Utf8               (Ljava/lang/Object;)TV;
  #29 = Utf8               put
  #30 = Utf8               (Ljava/lang/Object;Ljava/lang/Object;)Ljava/lang/Object;
  #31 = Utf8               (TK;TV;)TV;
  #32 = Utf8               remove
  #33 = Utf8               <K:Ljava/lang/Object;V:Ljava/lang/Object;>Ljava/lang/Object;
  #34 = Utf8               SourceFile
  #35 = Utf8               Dictionary.java
{
  public java.util.Dictionary();
    descriptor: ()V
    flags: (0x0001) ACC_PUBLIC
    Code: 
      stack=1, locals=1, args_size=1
         0: aload_0                 
         1: invokespecial #1                  // Method java/lang/Object."<init>":()V
         4: return                  
      LineNumberTable:
        line 57: 0
        line 58: 4
      LocalVariableTable:
       Start   Length  Slot  Name   Signature
           0        5     0  this   Ljava/util/Dictionary;
      LocalVariableTypeTable:
         Start   Length  Slot  Name   Signature
             0        5     0  this   Ljava/util/Dictionary<TK;TV;>;
  
  public abstract int size();
    descriptor: ()I
    flags: (0x0401) ACC_PUBLIC, ACC_ABSTRACT
  
  public abstract boolean isEmpty();
    descriptor: ()Z
    flags: (0x0401) ACC_PUBLIC, ACC_ABSTRACT
  
  public abstract java.util.Enumeration<K> keys();
    descriptor: ()Ljava/util/Enumeration;
    flags: (0x0401) ACC_PUBLIC, ACC_ABSTRACT
    Signature: #23                         // ()Ljava/util/Enumeration<TK;>;
  
  public abstract java.util.Enumeration<V> elements();
    descriptor: ()Ljava/util/Enumeration;
    flags: (0x0401) ACC_PUBLIC, ACC_ABSTRACT
    Signature: #25                         // ()Ljava/util/Enumeration<TV;>;
  
  public abstract V get(java.lang.Object);
    descriptor: (Ljava/lang/Object;)Ljava/lang/Object;
    flags: (0x0401) ACC_PUBLIC, ACC_ABSTRACT
    Signature: #28                         // (Ljava/lang/Object;)TV;
  
  public abstract V put(K, V);
    descriptor: (Ljava/lang/Object;Ljava/lang/Object;)Ljava/lang/Object;
    flags: (0x0401) ACC_PUBLIC, ACC_ABSTRACT
    Signature: #31                         // (TK;TV;)TV;
  
  public abstract V remove(java.lang.Object);
    descriptor: (Ljava/lang/Object;)Ljava/lang/Object;
    flags: (0x0401) ACC_PUBLIC, ACC_ABSTRACT
    Signature: #28                         // (Ljava/lang/Object;)TV;
}
Signature: #33                         // <K:Ljava/lang/Object;V:Ljava/lang/Object;>Ljava/lang/Object;
SourceFile: "Dictionary.java"
