---
source: runtime/src/lib.rs
expression: "&interpreter"
---
vm:
  heap:
    objects:
      - address: 0
        type: Instance
        value:
          class: inheritance/constructor_chain/ConstructorChainMain$Child
          fields:
            - Integer: 42
    string_pool: []
last_pop_frame:
  locals:
    - ~
    - Object: 0
    - Integer: 42
  operands: []
  pc: 16
