---
source: runtime/src/lib.rs
expression: "&interpreter"
---
vm:
  heap:
    objects:
      - address: 0
        type: Instance
        value:
          class: 5
          fields: []
      - address: 1
        type: Instance
        value:
          class: 5
          fields: []
    string_pool: []
last_pop_frame:
  locals:
    - ~
    - Ref: 0
    - Ref: 1
    - Integer: 3
    - Integer: 7
  operands: []
  pc: 34
