---
source: class_file/src/lib.rs
expression: display
---
public interface java.util.Iterator <E extends java.lang.Object> 
  minor version: 0
  major version: 68
  flags: (0x0601) ACC_PUBLIC, ACC_INTERFACE, ACC_ABSTRACT
  this_class: #16                      //java/util/Iterator
  super_class: #31                     //java/lang/Object
  interfaces: 0, fields: 0, methods: 4, attributes: 2
Constant pool:
   #1 = Class              #2               // java/lang/UnsupportedOperationException
   #2 = Utf8               java/lang/UnsupportedOperationException
   #3 = String             #4               // remove
   #4 = Utf8               remove
   #5 = Methodref          #1.#6            // java/lang/UnsupportedOperationException."<init>":(Ljava/lang/String;)V
   #6 = NameAndType        #7:#8            // "<init>":(Ljava/lang/String;)V
   #7 = Utf8               <init>
   #8 = Utf8               (Ljava/lang/String;)V
   #9 = Methodref          #10.#11          // java/util/Objects.requireNonNull:(Ljava/lang/Object;)Ljava/lang/Object;
  #10 = Class              #12              // java/util/Objects
  #11 = NameAndType        #13:#14          // requireNonNull:(Ljava/lang/Object;)Ljava/lang/Object;
  #12 = Utf8               java/util/Objects
  #13 = Utf8               requireNonNull
  #14 = Utf8               (Ljava/lang/Object;)Ljava/lang/Object;
  #15 = InterfaceMethodref #16.#17          // java/util/Iterator.hasNext:()Z
  #16 = Class              #18              // java/util/Iterator
  #17 = NameAndType        #19:#20          // hasNext:()Z
  #18 = Utf8               java/util/Iterator
  #19 = Utf8               hasNext
  #20 = Utf8               ()Z
  #21 = InterfaceMethodref #16.#22          // java/util/Iterator.next:()Ljava/lang/Object;
  #22 = NameAndType        #23:#24          // next:()Ljava/lang/Object;
  #23 = Utf8               next
  #24 = Utf8               ()Ljava/lang/Object;
  #25 = InterfaceMethodref #26.#27          // java/util/function/Consumer.accept:(Ljava/lang/Object;)V
  #26 = Class              #28              // java/util/function/Consumer
  #27 = NameAndType        #29:#30          // accept:(Ljava/lang/Object;)V
  #28 = Utf8               java/util/function/Consumer
  #29 = Utf8               accept
  #30 = Utf8               (Ljava/lang/Object;)V
  #31 = Class              #32              // java/lang/Object
  #32 = Utf8               java/lang/Object
  #33 = Utf8               Signature
  #34 = Utf8               ()TE;
  #35 = Utf8               ()V
  #36 = Utf8               Code
  #37 = Utf8               LineNumberTable
  #38 = Utf8               LocalVariableTable
  #39 = Utf8               this
  #40 = Utf8               Ljava/util/Iterator;
  #41 = Utf8               LocalVariableTypeTable
  #42 = Utf8               Ljava/util/Iterator<TE;>;
  #43 = Utf8               forEachRemaining
  #44 = Utf8               (Ljava/util/function/Consumer;)V
  #45 = Utf8               action
  #46 = Utf8               Ljava/util/function/Consumer;
  #47 = Utf8               Ljava/util/function/Consumer<-TE;>;
  #48 = Utf8               StackMapTable
  #49 = Utf8               (Ljava/util/function/Consumer<-TE;>;)V
  #50 = Utf8               <E:Ljava/lang/Object;>Ljava/lang/Object;
  #51 = Utf8               SourceFile
  #52 = Utf8               Iterator.java
{
  public abstract boolean hasNext();
    descriptor: ()Z
    flags: (0x0401) ACC_PUBLIC, ACC_ABSTRACT
  
  public abstract E next();
    descriptor: ()Ljava/lang/Object;
    flags: (0x0401) ACC_PUBLIC, ACC_ABSTRACT
    Signature: #34                         // ()TE;
  
  public default void remove();
    descriptor: ()V
    flags: (0x0001) ACC_PUBLIC
    Code: 
      stack=3, locals=1, args_size=1
         0: new           #1                  // class java/lang/UnsupportedOperationException
         3: dup                     
         4: ldc           #3                  // String remove
         6: invokespecial #5                  // Method java/lang/UnsupportedOperationException."<init>":(Ljava/lang/String;)V
         9: athrow                  
      LineNumberTable:
        line 102: 0
      LocalVariableTable:
       Start   Length  Slot  Name   Signature
           0       10     0  this   Ljava/util/Iterator;
      LocalVariableTypeTable:
         Start   Length  Slot  Name   Signature
             0       10     0  this   Ljava/util/Iterator<TE;>;
  
  public default void forEachRemaining(java.util.function.Consumer<? super E>);
    descriptor: (Ljava/util/function/Consumer;)V
    flags: (0x0001) ACC_PUBLIC
    Code: 
      stack=2, locals=2, args_size=2
         0: aload_1                 
         1: invokestatic  #9                  // Method java/util/Objects.requireNonNull:(Ljava/lang/Object;)Ljava/lang/Object;
         4: pop                     
         5: aload_0                 
         6: invokeinterface #15, 1              // InterfaceMethod hasNext:()Z
        11: ifeq          29                
        14: aload_1                 
        15: aload_0                 
        16: invokeinterface #21, 1              // InterfaceMethod next:()Ljava/lang/Object;
        21: invokeinterface #25, 2              // InterfaceMethod java/util/function/Consumer.accept:(Ljava/lang/Object;)V
        26: goto          5                 
        29: return                  
      LineNumberTable:
        line 131: 0
        line 132: 5
        line 133: 14
        line 134: 29
      LocalVariableTable:
       Start   Length  Slot  Name   Signature
           0       30     0  this   Ljava/util/Iterator;
           0       30     1  action Ljava/util/function/Consumer;
      LocalVariableTypeTable:
         Start   Length  Slot  Name   Signature
             0       30     0  this   Ljava/util/Iterator<TE;>;
             0       30     1  action   Ljava/util/function/Consumer<-TE;>;
      StackMapTable: number_of_entries = 2
        frame_type = 5 /* same */
        frame_type = 23 /* same */
    Signature: #49                         // (Ljava/util/function/Consumer<-TE;>;)V
}
Signature: #50                         // <E:Ljava/lang/Object;>Ljava/lang/Object;
SourceFile: "Iterator.java"
