---
source: class_file/src/lib.rs
expression: display
---
final class java.util.HashMap$EntryIterator extends java.util.HashMap<K, V>.HashIterator implements java.util.Iterator<java.util.Map$Entry<K, V>>
  minor version: 0
  major version: 68
  flags: (0x0030) ACC_FINAL, ACC_SUPER
  this_class: #8                       //java/util/HashMap$EntryIterator
  super_class: #2                      //java/util/HashMap$HashIterator
  interfaces: 1, fields: 0, methods: 3, attributes: 4
Constant pool:
   #1 = Methodref          #2.#3            // java/util/HashMap$HashIterator."<init>":(Ljava/util/HashMap;)V
   #2 = Class              #4               // java/util/HashMap$HashIterator
   #3 = NameAndType        #5:#6            // "<init>":(Ljava/util/HashMap;)V
   #4 = Utf8               java/util/HashMap$HashIterator
   #5 = Utf8               <init>
   #6 = Utf8               (Ljava/util/HashMap;)V
   #7 = Methodref          #8.#9            // java/util/HashMap$EntryIterator.nextNode:()Ljava/util/HashMap$Node;
   #8 = Class              #10              // java/util/HashMap$EntryIterator
   #9 = NameAndType        #11:#12          // nextNode:()Ljava/util/HashMap$Node;
  #10 = Utf8               java/util/HashMap$EntryIterator
  #11 = Utf8               nextNode
  #12 = Utf8               ()Ljava/util/HashMap$Node;
  #13 = Methodref          #8.#14           // java/util/HashMap$EntryIterator.next:()Ljava/util/Map$Entry;
  #14 = NameAndType        #15:#16          // next:()Ljava/util/Map$Entry;
  #15 = Utf8               next
  #16 = Utf8               ()Ljava/util/Map$Entry;
  #17 = Class              #18              // java/util/Iterator
  #18 = Utf8               java/util/Iterator
  #19 = Utf8               Code
  #20 = Utf8               LineNumberTable
  #21 = Utf8               LocalVariableTable
  #22 = Utf8               this
  #23 = Utf8               Ljava/util/HashMap$EntryIterator;
  #24 = Utf8               this$0
  #25 = Utf8               Ljava/util/HashMap;
  #26 = Utf8               LocalVariableTypeTable
  #27 = Utf8               Ljava/util/HashMap<TK;TV;>.EntryIterator;
  #28 = Utf8               MethodParameters
  #29 = Utf8               Signature
  #30 = Utf8               ()Ljava/util/Map$Entry<TK;TV;>;
  #31 = Utf8               ()Ljava/lang/Object;
  #32 = Utf8               Ljava/util/HashMap<TK;TV;>.HashIterator;Ljava/util/Iterator<Ljava/util/Map$Entry<TK;TV;>;>;
  #33 = Utf8               SourceFile
  #34 = Utf8               HashMap.java
  #35 = Utf8               NestHost
  #36 = Class              #37              // java/util/HashMap
  #37 = Utf8               java/util/HashMap
  #38 = Utf8               InnerClasses
  #39 = Utf8               HashIterator
  #40 = Utf8               EntryIterator
  #41 = Class              #42              // java/util/HashMap$Node
  #42 = Utf8               java/util/HashMap$Node
  #43 = Utf8               Node
  #44 = Class              #45              // java/util/Map$Entry
  #45 = Utf8               java/util/Map$Entry
  #46 = Class              #47              // java/util/Map
  #47 = Utf8               java/util/Map
  #48 = Utf8               Entry
{
  java.util.HashMap$EntryIterator(java.util.HashMap);
    descriptor: (Ljava/util/HashMap;)V
    flags: (0x0000) 
    Code: 
      stack=2, locals=2, args_size=2
         0: aload_0                 
         1: aload_1                 
         2: invokespecial #1                  // Method java/util/HashMap$HashIterator."<init>":(Ljava/util/HashMap;)V
         5: return                  
      LineNumberTable:
        line 1637: 0
      LocalVariableTable:
       Start   Length  Slot  Name   Signature
           0        6     0  this   Ljava/util/HashMap$EntryIterator;
           0        6     1  this$0 Ljava/util/HashMap;
      LocalVariableTypeTable:
         Start   Length  Slot  Name   Signature
             0        6     0  this   Ljava/util/HashMap<TK;TV;>.EntryIterator;
    MethodParameters:
      Name                             Flags
      <no name>                        final mandated 
  
  public final java.util.Map$Entry<K, V> next();
    descriptor: ()Ljava/util/Map$Entry;
    flags: (0x0011) ACC_PUBLIC, ACC_FINAL
    Code: 
      stack=1, locals=1, args_size=1
         0: aload_0                 
         1: invokevirtual #7                  // Method nextNode:()Ljava/util/HashMap$Node;
         4: areturn                 
      LineNumberTable:
        line 1639: 0
      LocalVariableTable:
       Start   Length  Slot  Name   Signature
           0        5     0  this   Ljava/util/HashMap$EntryIterator;
      LocalVariableTypeTable:
         Start   Length  Slot  Name   Signature
             0        5     0  this   Ljava/util/HashMap<TK;TV;>.EntryIterator;
    Signature: #30                         // ()Ljava/util/Map$Entry<TK;TV;>;
  
  public java.lang.Object next();
    descriptor: ()Ljava/lang/Object;
    flags: (0x1041) ACC_PUBLIC, ACC_BRIDGE, ACC_SYNTHETIC
    Code: 
      stack=1, locals=1, args_size=1
         0: aload_0                 
         1: invokevirtual #13                 // Method next:()Ljava/util/Map$Entry;
         4: areturn                 
      LineNumberTable:
        line 1637: 0
      LocalVariableTable:
       Start   Length  Slot  Name   Signature
           0        5     0  this   Ljava/util/HashMap$EntryIterator;
      LocalVariableTypeTable:
         Start   Length  Slot  Name   Signature
             0        5     0  this   Ljava/util/HashMap<TK;TV;>.EntryIterator;
}
Signature: #32                         // Ljava/util/HashMap<TK;TV;>.HashIterator;Ljava/util/Iterator<Ljava/util/Map$Entry<TK;TV;>;>;
SourceFile: "HashMap.java"
NestHost: class java/util/HashMap
InnerClasses:
  abstract #39= #2 of #36;                    // HashIterator=class java/util/HashMap$HashIterator of class java/util/HashMap
  final #40= #8 of #36;                       // EntryIterator=class java/util/HashMap$EntryIterator of class java/util/HashMap
  static #43= #41 of #36;                     // Node=class java/util/HashMap$Node of class java/util/HashMap
  public static #48= #44 of #46;              // Entry=class java/util/Map$Entry of class java/util/Map
