---
source: class_file/src/lib.rs
expression: display
---
public abstract class java.lang.Number implements java.io.Serializable
  minor version: 0
  major version: 68
  flags: (0x0421) ACC_PUBLIC, ACC_SUPER, ACC_ABSTRACT
  this_class: #8                       //java/lang/Number
  super_class: #2                      //java/lang/Object
  interfaces: 1, fields: 1, methods: 7, attributes: 1
Constant pool:
   #1 = Methodref          #2.#3            // java/lang/Object."<init>":()V
   #2 = Class              #4               // java/lang/Object
   #3 = NameAndType        #5:#6            // "<init>":()V
   #4 = Utf8               java/lang/Object
   #5 = Utf8               <init>
   #6 = Utf8               ()V
   #7 = Methodref          #8.#9            // java/lang/Number.intValue:()I
   #8 = Class              #10              // java/lang/Number
   #9 = NameAndType        #11:#12          // intValue:()I
  #10 = Utf8               java/lang/Number
  #11 = Utf8               intValue
  #12 = Utf8               ()I
  #13 = Class              #14              // java/io/Serializable
  #14 = Utf8               java/io/Serializable
  #15 = Utf8               serialVersionUID
  #16 = Utf8               J
  #17 = Utf8               ConstantValue
  #18 = Long               -8742448824652078965l
  #20 = Utf8               Code
  #21 = Utf8               LineNumberTable
  #22 = Utf8               LocalVariableTable
  #23 = Utf8               this
  #24 = Utf8               Ljava/lang/Number;
  #25 = Utf8               longValue
  #26 = Utf8               ()J
  #27 = Utf8               floatValue
  #28 = Utf8               ()F
  #29 = Utf8               doubleValue
  #30 = Utf8               ()D
  #31 = Utf8               byteValue
  #32 = Utf8               ()B
  #33 = Utf8               shortValue
  #34 = Utf8               ()S
  #35 = Utf8               SourceFile
  #36 = Utf8               Number.java
{
  private static final long serialVersionUID;
    descriptor: J
    flags: (0x001a) ACC_PRIVATE, ACC_STATIC, ACC_FINAL
    ConstantValue: long -8742448824652078965l
  
  public java.lang.Number();
    descriptor: ()V
    flags: (0x0001) ACC_PUBLIC
    Code: 
      stack=1, locals=1, args_size=1
         0: aload_0                 
         1: invokespecial #1                  // Method java/lang/Object."<init>":()V
         4: return                  
      LineNumberTable:
        line 59: 0
      LocalVariableTable:
       Start   Length  Slot  Name   Signature
           0        5     0  this   Ljava/lang/Number;
  
  public abstract int intValue();
    descriptor: ()I
    flags: (0x0401) ACC_PUBLIC, ACC_ABSTRACT
  
  public abstract long longValue();
    descriptor: ()J
    flags: (0x0401) ACC_PUBLIC, ACC_ABSTRACT
  
  public abstract float floatValue();
    descriptor: ()F
    flags: (0x0401) ACC_PUBLIC, ACC_ABSTRACT
  
  public abstract double doubleValue();
    descriptor: ()D
    flags: (0x0401) ACC_PUBLIC, ACC_ABSTRACT
  
  public byte byteValue();
    descriptor: ()B
    flags: (0x0001) ACC_PUBLIC
    Code: 
      stack=1, locals=1, args_size=1
         0: aload_0                 
         1: invokevirtual #7                  // Method intValue:()I
         4: i2b                     
         5: ireturn                 
      LineNumberTable:
        line 105: 0
      LocalVariableTable:
       Start   Length  Slot  Name   Signature
           0        6     0  this   Ljava/lang/Number;
  
  public short shortValue();
    descriptor: ()S
    flags: (0x0001) ACC_PUBLIC
    Code: 
      stack=1, locals=1, args_size=1
         0: aload_0                 
         1: invokevirtual #7                  // Method intValue:()I
         4: i2s                     
         5: ireturn                 
      LineNumberTable:
        line 120: 0
      LocalVariableTable:
       Start   Length  Slot  Name   Signature
           0        6     0  this   Ljava/lang/Number;
}
SourceFile: "Number.java"
