---
source: class_file/src/lib.rs
expression: display
---
public final class sun.nio.cs.UTF_8 extends sun.nio.cs.Unicode
  minor version: 0
  major version: 68
  flags: (0x0031) ACC_PUBLIC, ACC_FINAL, ACC_SUPER
  this_class: #39                      //sun/nio/cs/UTF_8
  super_class: #10                     //sun/nio/cs/Unicode
  interfaces: 0, fields: 2, methods: 7, attributes: 3
Constant pool:
   #1 = String             #2               // UTF-8
   #2 = Utf8               UTF-8
   #3 = Methodref          #4.#5            // sun/nio/cs/StandardCharsets.aliases_UTF_8:()[Ljava/lang/String;
   #4 = Class              #6               // sun/nio/cs/StandardCharsets
   #5 = NameAndType        #7:#8            // aliases_UTF_8:()[Ljava/lang/String;
   #6 = Utf8               sun/nio/cs/StandardCharsets
   #7 = Utf8               aliases_UTF_8
   #8 = Utf8               ()[Ljava/lang/String;
   #9 = Methodref          #10.#11          // sun/nio/cs/Unicode."<init>":(Ljava/lang/String;[Ljava/lang/String;)V
  #10 = Class              #12              // sun/nio/cs/Unicode
  #11 = NameAndType        #13:#14          // "<init>":(Ljava/lang/String;[Ljava/lang/String;)V
  #12 = Utf8               sun/nio/cs/Unicode
  #13 = Utf8               <init>
  #14 = Utf8               (Ljava/lang/String;[Ljava/lang/String;)V
  #15 = String             #16              // UTF8
  #16 = Utf8               UTF8
  #17 = Class              #18              // sun/nio/cs/UTF_8$Decoder
  #18 = Utf8               sun/nio/cs/UTF_8$Decoder
  #19 = Methodref          #17.#20          // sun/nio/cs/UTF_8$Decoder."<init>":(Ljava/nio/charset/Charset;)V
  #20 = NameAndType        #13:#21          // "<init>":(Ljava/nio/charset/Charset;)V
  #21 = Utf8               (Ljava/nio/charset/Charset;)V
  #22 = Class              #23              // sun/nio/cs/UTF_8$Encoder
  #23 = Utf8               sun/nio/cs/UTF_8$Encoder
  #24 = Methodref          #22.#20          // sun/nio/cs/UTF_8$Encoder."<init>":(Ljava/nio/charset/Charset;)V
  #25 = Methodref          #26.#27          // java/nio/Buffer.arrayOffset:()I
  #26 = Class              #28              // java/nio/Buffer
  #27 = NameAndType        #29:#30          // arrayOffset:()I
  #28 = Utf8               java/nio/Buffer
  #29 = Utf8               arrayOffset
  #30 = Utf8               ()I
  #31 = Methodref          #26.#32          // java/nio/Buffer.position:(I)Ljava/nio/Buffer;
  #32 = NameAndType        #33:#34          // position:(I)Ljava/nio/Buffer;
  #33 = Utf8               position
  #34 = Utf8               (I)Ljava/nio/Buffer;
  #35 = Methodref          #10.#36          // sun/nio/cs/Unicode.contains:(Ljava/nio/charset/Charset;)Z
  #36 = NameAndType        #37:#38          // contains:(Ljava/nio/charset/Charset;)Z
  #37 = Utf8               contains
  #38 = Utf8               (Ljava/nio/charset/Charset;)Z
  #39 = Class              #40              // sun/nio/cs/UTF_8
  #40 = Utf8               sun/nio/cs/UTF_8
  #41 = Methodref          #39.#42          // sun/nio/cs/UTF_8."<init>":()V
  #42 = NameAndType        #13:#43          // "<init>":()V
  #43 = Utf8               ()V
  #44 = Fieldref           #39.#45          // sun/nio/cs/UTF_8.INSTANCE:Lsun/nio/cs/UTF_8;
  #45 = NameAndType        #46:#47          // INSTANCE:Lsun/nio/cs/UTF_8;
  #46 = Utf8               INSTANCE
  #47 = Utf8               Lsun/nio/cs/UTF_8;
  #48 = Methodref          #49.#50          // jdk/internal/access/SharedSecrets.getJavaLangAccess:()Ljdk/internal/access/JavaLangAccess;
  #49 = Class              #51              // jdk/internal/access/SharedSecrets
  #50 = NameAndType        #52:#53          // getJavaLangAccess:()Ljdk/internal/access/JavaLangAccess;
  #51 = Utf8               jdk/internal/access/SharedSecrets
  #52 = Utf8               getJavaLangAccess
  #53 = Utf8               ()Ljdk/internal/access/JavaLangAccess;
  #54 = Fieldref           #39.#55          // sun/nio/cs/UTF_8.JLA:Ljdk/internal/access/JavaLangAccess;
  #55 = NameAndType        #56:#57          // JLA:Ljdk/internal/access/JavaLangAccess;
  #56 = Utf8               JLA
  #57 = Utf8               Ljdk/internal/access/JavaLangAccess;
  #58 = Utf8               Code
  #59 = Utf8               LineNumberTable
  #60 = Utf8               LocalVariableTable
  #61 = Utf8               this
  #62 = Utf8               historicalName
  #63 = Utf8               ()Ljava/lang/String;
  #64 = Utf8               newDecoder
  #65 = Utf8               ()Ljava/nio/charset/CharsetDecoder;
  #66 = Utf8               newEncoder
  #67 = Utf8               ()Ljava/nio/charset/CharsetEncoder;
  #68 = Utf8               updatePositions
  #69 = Utf8               (Ljava/nio/Buffer;ILjava/nio/Buffer;I)V
  #70 = Utf8               src
  #71 = Utf8               Ljava/nio/Buffer;
  #72 = Utf8               sp
  #73 = Utf8               I
  #74 = Utf8               dst
  #75 = Utf8               dp
  #76 = Utf8               MethodParameters
  #77 = Utf8               <clinit>
  #78 = Utf8               SourceFile
  #79 = Utf8               UTF_8.java
  #80 = Utf8               NestMembers
  #81 = Utf8               InnerClasses
  #82 = Utf8               Decoder
  #83 = Utf8               Encoder
{
  public static final sun.nio.cs.UTF_8 INSTANCE;
    descriptor: Lsun/nio/cs/UTF_8;
    flags: (0x0019) ACC_PUBLIC, ACC_STATIC, ACC_FINAL
  
  private static final jdk.internal.access.JavaLangAccess JLA;
    descriptor: Ljdk/internal/access/JavaLangAccess;
    flags: (0x001a) ACC_PRIVATE, ACC_STATIC, ACC_FINAL
  
  public sun.nio.cs.UTF_8();
    descriptor: ()V
    flags: (0x0001) ACC_PUBLIC
    Code: 
      stack=3, locals=1, args_size=1
         0: aload_0                 
         1: ldc           #1                  // String UTF-8
         3: invokestatic  #3                  // Method sun/nio/cs/StandardCharsets.aliases_UTF_8:()[Ljava/lang/String;
         6: invokespecial #9                  // Method sun/nio/cs/Unicode."<init>":(Ljava/lang/String;[Ljava/lang/String;)V
         9: return                  
      LineNumberTable:
        line 65: 0
        line 66: 9
      LocalVariableTable:
       Start   Length  Slot  Name   Signature
           0       10     0  this   Lsun/nio/cs/UTF_8;
  
  public java.lang.String historicalName();
    descriptor: ()Ljava/lang/String;
    flags: (0x0001) ACC_PUBLIC
    Code: 
      stack=1, locals=1, args_size=1
         0: ldc           #15                 // String UTF8
         2: areturn                 
      LineNumberTable:
        line 69: 0
      LocalVariableTable:
       Start   Length  Slot  Name   Signature
           0        3     0  this   Lsun/nio/cs/UTF_8;
  
  public java.nio.charset.CharsetDecoder newDecoder();
    descriptor: ()Ljava/nio/charset/CharsetDecoder;
    flags: (0x0001) ACC_PUBLIC
    Code: 
      stack=3, locals=1, args_size=1
         0: new           #17                 // class sun/nio/cs/UTF_8$Decoder
         3: dup                     
         4: aload_0                 
         5: invokespecial #19                 // Method sun/nio/cs/UTF_8$Decoder."<init>":(Ljava/nio/charset/Charset;)V
         8: areturn                 
      LineNumberTable:
        line 73: 0
      LocalVariableTable:
       Start   Length  Slot  Name   Signature
           0        9     0  this   Lsun/nio/cs/UTF_8;
  
  public java.nio.charset.CharsetEncoder newEncoder();
    descriptor: ()Ljava/nio/charset/CharsetEncoder;
    flags: (0x0001) ACC_PUBLIC
    Code: 
      stack=3, locals=1, args_size=1
         0: new           #22                 // class sun/nio/cs/UTF_8$Encoder
         3: dup                     
         4: aload_0                 
         5: invokespecial #24                 // Method sun/nio/cs/UTF_8$Encoder."<init>":(Ljava/nio/charset/Charset;)V
         8: areturn                 
      LineNumberTable:
        line 77: 0
      LocalVariableTable:
       Start   Length  Slot  Name   Signature
           0        9     0  this   Lsun/nio/cs/UTF_8;
  
  static final void updatePositions(java.nio.Buffer, int, java.nio.Buffer, int);
    descriptor: (Ljava/nio/Buffer;ILjava/nio/Buffer;I)V
    flags: (0x0018) ACC_STATIC, ACC_FINAL
    Code: 
      stack=3, locals=4, args_size=4
         0: aload_0                 
         1: iload_1                 
         2: aload_0                 
         3: invokevirtual #25                 // Method java/nio/Buffer.arrayOffset:()I
         6: isub                    
         7: invokevirtual #31                 // Method java/nio/Buffer.position:(I)Ljava/nio/Buffer;
        10: pop                     
        11: aload_2                 
        12: iload_3                 
        13: aload_2                 
        14: invokevirtual #25                 // Method java/nio/Buffer.arrayOffset:()I
        17: isub                    
        18: invokevirtual #31                 // Method java/nio/Buffer.position:(I)Ljava/nio/Buffer;
        21: pop                     
        22: return                  
      LineNumberTable:
        line 82: 0
        line 83: 11
        line 84: 22
      LocalVariableTable:
       Start   Length  Slot  Name   Signature
           0       23     0  src    Ljava/nio/Buffer;
           0       23     1  sp     I
           0       23     2  dst    Ljava/nio/Buffer;
           0       23     3  dp     I
  
  public boolean contains(java.nio.charset.Charset);
    descriptor: (Ljava/nio/charset/Charset;)Z
    flags: (0x1041) ACC_PUBLIC, ACC_BRIDGE, ACC_SYNTHETIC
    Code: 
      stack=2, locals=2, args_size=2
         0: aload_0                 
         1: aload_1                 
         2: invokespecial #35                 // Method sun/nio/cs/Unicode.contains:(Ljava/nio/charset/Charset;)Z
         5: ireturn                 
      LineNumberTable:
        line 60: 0
      LocalVariableTable:
       Start   Length  Slot  Name   Signature
           0        6     0  this   Lsun/nio/cs/UTF_8;
    MethodParameters:
      Name                             Flags
      <no name>                        synthetic 
  
  static {};
    descriptor: ()V
    flags: (0x0008) ACC_STATIC
    Code: 
      stack=2, locals=0, args_size=0
         0: new           #39                 // class sun/nio/cs/UTF_8
         3: dup                     
         4: invokespecial #41                 // Method "<init>":()V
         7: putstatic     #44                 // Field INSTANCE:Lsun/nio/cs/UTF_8;
        10: invokestatic  #48                 // Method jdk/internal/access/SharedSecrets.getJavaLangAccess:()Ljdk/internal/access/JavaLangAccess;
        13: putstatic     #54                 // Field JLA:Ljdk/internal/access/JavaLangAccess;
        16: return                  
      LineNumberTable:
        line 62: 0
        line 86: 10
}
SourceFile: "UTF_8.java"
NestMembers:
  sun/nio/cs/UTF_8$Encoder
  sun/nio/cs/UTF_8$Decoder
InnerClasses:
  private static #82= #17 of #39;             // Decoder=class sun/nio/cs/UTF_8$Decoder of class sun/nio/cs/UTF_8
  private static final #83= #22 of #39;       // Encoder=class sun/nio/cs/UTF_8$Encoder of class sun/nio/cs/UTF_8
