---
source: class_file/src/lib.rs
expression: display
---
abstract class abstracts.basic_abstract.BasicAbstractMain$Animal 
  minor version: 0
  major version: 68
  flags: (0x0420) ACC_SUPER, ACC_ABSTRACT
  this_class: #7                       //abstracts/basic_abstract/BasicAbstractMain$Animal
  super_class: #2                      //java/lang/Object
  interfaces: 0, fields: 0, methods: 2, attributes: 3
Constant pool:
   #1 = Methodref          #2.#3            // java/lang/Object."<init>":()V
   #2 = Class              #4               // java/lang/Object
   #3 = NameAndType        #5:#6            // "<init>":()V
   #4 = Utf8               java/lang/Object
   #5 = Utf8               <init>
   #6 = Utf8               ()V
   #7 = Class              #8               // abstracts/basic_abstract/BasicAbstractMain$Animal
   #8 = Utf8               abstracts/basic_abstract/BasicAbstractMain$Animal
   #9 = Utf8               Code
  #10 = Utf8               LineNumberTable
  #11 = Utf8               LocalVariableTable
  #12 = Utf8               this
  #13 = Utf8               Labstracts/basic_abstract/BasicAbstractMain$Animal;
  #14 = Utf8               get_sound
  #15 = Utf8               ()Ljava/lang/String;
  #16 = Utf8               SourceFile
  #17 = Utf8               BasicAbstractMain.java
  #18 = Utf8               NestHost
  #19 = Class              #20              // abstracts/basic_abstract/BasicAbstractMain
  #20 = Utf8               abstracts/basic_abstract/BasicAbstractMain
  #21 = Utf8               InnerClasses
  #22 = Utf8               Animal
{
  abstracts.basic_abstract.BasicAbstractMain$Animal();
    descriptor: ()V
    flags: (0x0000) 
    Code: 
      stack=1, locals=1, args_size=1
         0: aload_0                 
         1: invokespecial #1                  // Method java/lang/Object."<init>":()V
         4: return                  
      LineNumberTable:
        line 4: 0
      LocalVariableTable:
       Start   Length  Slot  Name   Signature
           0        5     0  this   Labstracts/basic_abstract/BasicAbstractMain$Animal;
  
  abstract java.lang.String get_sound();
    descriptor: ()Ljava/lang/String;
    flags: (0x0400) ACC_ABSTRACT
}
SourceFile: "BasicAbstractMain.java"
NestHost: class abstracts/basic_abstract/BasicAbstractMain
InnerClasses:
  static abstract #22= #7 of #19;             // Animal=class abstracts/basic_abstract/BasicAbstractMain$Animal of class abstracts/basic_abstract/BasicAbstractMain
